Component: ARM Compiler 5.06 update 6 (build 750) Tool: armlink [4d35ed]

==============================================================================

Section Cross References

    main.o(i.CANIntHandler) refers to can.o(i.CANIntStatus) for CANIntStatus
    main.o(i.CANIntHandler) refers to can.o(i.CANStatusGet) for CANStatusGet
    main.o(i.CANIntHandler) refers to can.o(i.CANIntClear) for CANIntClear
    main.o(i.CANIntHandler) refers to uartstdio.o(i.UARTprintf) for UARTprintf
    main.o(i.CANIntHandler) refers to main.o(.data) for errFlag
    main.o(i.main) refers to sysctl.o(i.SysCtlClockSet) for SysCtlClockSet
    main.o(i.main) refers to sysctl.o(i.SysCtlPeripheralEnable) for SysCtlPeripheralEnable
    main.o(i.main) refers to gpio.o(i.GPIOPinConfigure) for GPIOPinConfigure
    main.o(i.main) refers to gpio.o(i.GPIOPinTypeUART) for GPIOPinTypeUART
    main.o(i.main) refers to sysctl.o(i.SysCtlClockGet) for SysCtlClockGet
    main.o(i.main) refers to uartstdio.o(i.UARTStdioConfig) for UARTStdioConfig
    main.o(i.main) refers to gpio.o(i.GPIOPinTypeCAN) for GPIOPinTypeCAN
    main.o(i.main) refers to can.o(i.CANInit) for CANInit
    main.o(i.main) refers to can.o(i.CANBitRateSet) for CANBitRateSet
    main.o(i.main) refers to can.o(i.CANIntRegister) for CANIntRegister
    main.o(i.main) refers to can.o(i.CANIntEnable) for CANIntEnable
    main.o(i.main) refers to interrupt.o(i.IntEnable) for IntEnable
    main.o(i.main) refers to can.o(i.CANEnable) for CANEnable
    main.o(i.main) refers to adc_1.o(i.ADC_Config_Init) for ADC_Config_Init
    main.o(i.main) refers to adc_1.o(i.ADC_Init) for ADC_Init
    main.o(i.main) refers to adc_1.o(i.Adc_EnableHardwareTrigger) for Adc_EnableHardwareTrigger
    main.o(i.main) refers to adc.o(i.ADCIntStatus) for ADCIntStatus
    main.o(i.main) refers to adc.o(i.ADCIntClear) for ADCIntClear
    main.o(i.main) refers to adc_1.o(i.Adc_ReadGroup) for Adc_ReadGroup
    main.o(i.main) refers to f2d.o(x$fpl$f2d) for __aeabi_f2d
    main.o(i.main) refers to dmul.o(x$fpl$dmul) for __aeabi_dmul
    main.o(i.main) refers to ddiv.o(x$fpl$ddiv) for __aeabi_ddiv
    main.o(i.main) refers to daddsub_clz.o(x$fpl$drsb) for __aeabi_drsub
    main.o(i.main) refers to dfixu.o(x$fpl$dfixu) for __aeabi_d2uiz
    main.o(i.main) refers to uartstdio.o(i.UARTprintf) for UARTprintf
    main.o(i.main) refers to can.o(i.CANMessageSet) for CANMessageSet
    main.o(i.main) refers to main.o(i.delay) for delay
    main.o(i.main) refers to main.o(i.CANIntHandler) for CANIntHandler
    main.o(i.main) refers to main.o(.data) for Adc_Config_Test
    startup_rvmdk.o(STACK) refers (Special) to heapauxi.o(.text) for __use_two_region_memory
    startup_rvmdk.o(HEAP) refers (Special) to heapauxi.o(.text) for __use_two_region_memory
    startup_rvmdk.o(RESET) refers (Special) to heapauxi.o(.text) for __use_two_region_memory
    startup_rvmdk.o(RESET) refers to startup_rvmdk.o(STACK) for StackMem
    startup_rvmdk.o(RESET) refers to __main.o(!!!main) for __main
    startup_rvmdk.o(.text) refers (Special) to heapauxi.o(.text) for __use_two_region_memory
    startup_rvmdk.o(.text) refers to startup_rvmdk.o(HEAP) for HeapMem
    startup_rvmdk.o(.text) refers to startup_rvmdk.o(STACK) for StackMem
    uartstdio.o(i.UARTStdioConfig) refers to uartstdio.o(.constdata) for g_ui32UARTPeriph
    uartstdio.o(i.UARTStdioConfig) refers to uartstdio.o(.data) for g_ui32Base
    uartstdio.o(i.UARTgetc) refers to uartstdio.o(.data) for g_ui32Base
    uartstdio.o(i.UARTgets) refers to uartstdio.o(i.UARTwrite) for UARTwrite
    uartstdio.o(i.UARTgets) refers to uartstdio.o(.data) for g_ui32Base
    uartstdio.o(i.UARTprintf) refers to uartstdio.o(i.UARTvprintf) for UARTvprintf
    uartstdio.o(i.UARTvprintf) refers to uartstdio.o(i.UARTwrite) for UARTwrite
    uartstdio.o(i.UARTvprintf) refers to uartstdio.o(.constdata) for g_pcHex
    uartstdio.o(i.UARTwrite) refers to uartstdio.o(.data) for g_ui32Base
    uartstdio.o(.constdata) refers to uartstdio.o(.conststring) for .conststring
    adc.o(i.ADCIntRegister) refers to adc.o(i._ADCIntNumberGet) for _ADCIntNumberGet
    adc.o(i.ADCIntRegister) refers to interrupt.o(i.IntRegister) for IntRegister
    adc.o(i.ADCIntRegister) refers to interrupt.o(i.IntEnable) for IntEnable
    adc.o(i.ADCIntUnregister) refers to adc.o(i._ADCIntNumberGet) for _ADCIntNumberGet
    adc.o(i.ADCIntUnregister) refers to interrupt.o(i.IntDisable) for IntDisable
    adc.o(i.ADCIntUnregister) refers to interrupt.o(i.IntUnregister) for IntUnregister
    adc.o(i.ADCSoftwareOversampleConfigure) refers to adc.o(.data) for g_pui8OversampleFactor
    adc.o(i.ADCSoftwareOversampleDataGet) refers to adc.o(.data) for g_pui8OversampleFactor
    adc.o(i.ADCSoftwareOversampleStepConfigure) refers to adc.o(.data) for g_pui8OversampleFactor
    adc_1.o(i.ADC_Config_Init) refers to main.o(.data) for Adc_Config_Test
    adc_1.o(i.ADC_Init) refers to sysctl.o(i.SysCtlPeripheralEnable) for SysCtlPeripheralEnable
    adc_1.o(i.ADC_Init) refers to sysctl.o(.emb_text) for SysCtlDelay
    adc_1.o(i.ADC_Init) refers to adc.o(i.ADCSequenceConfigure) for ADCSequenceConfigure
    adc_1.o(i.ADC_Init) refers to adc.o(i.ADCSequenceStepConfigure) for ADCSequenceStepConfigure
    adc_1.o(i.ADC_Init) refers to adc.o(i.ADCSequenceEnable) for ADCSequenceEnable
    adc_1.o(i.ADC_Init) refers to adc.o(i.ADCIntClear) for ADCIntClear
    adc_1.o(i.Adc_EnableHardwareTrigger) refers to adc.o(i.ADCProcessorTrigger) for ADCProcessorTrigger
    adc_1.o(i.Adc_ReadGroup) refers to adc.o(i.ADCSequenceDataGet) for ADCSequenceDataGet
    can.o(i.CANBitRateSet) refers to can.o(.constdata) for .constdata
    can.o(i.CANIntRegister) refers to interrupt.o(i.IntRegister) for IntRegister
    can.o(i.CANIntRegister) refers to interrupt.o(i.IntEnable) for IntEnable
    can.o(i.CANIntUnregister) refers to interrupt.o(i.IntDisable) for IntDisable
    can.o(i.CANIntUnregister) refers to interrupt.o(i.IntUnregister) for IntUnregister
    gpio.o(i.GPIOIntRegister) refers to gpio.o(i._GPIOIntNumberGet) for _GPIOIntNumberGet
    gpio.o(i.GPIOIntRegister) refers to interrupt.o(i.IntRegister) for IntRegister
    gpio.o(i.GPIOIntRegister) refers to interrupt.o(i.IntEnable) for IntEnable
    gpio.o(i.GPIOIntRegisterPin) refers to gpio.o(i._GPIOIntNumberGet) for _GPIOIntNumberGet
    gpio.o(i.GPIOIntRegisterPin) refers to interrupt.o(i.IntRegister) for IntRegister
    gpio.o(i.GPIOIntRegisterPin) refers to interrupt.o(i.IntEnable) for IntEnable
    gpio.o(i.GPIOIntUnregister) refers to gpio.o(i._GPIOIntNumberGet) for _GPIOIntNumberGet
    gpio.o(i.GPIOIntUnregister) refers to interrupt.o(i.IntDisable) for IntDisable
    gpio.o(i.GPIOIntUnregister) refers to interrupt.o(i.IntUnregister) for IntUnregister
    gpio.o(i.GPIOIntUnregisterPin) refers to gpio.o(i._GPIOIntNumberGet) for _GPIOIntNumberGet
    gpio.o(i.GPIOIntUnregisterPin) refers to interrupt.o(i.IntDisable) for IntDisable
    gpio.o(i.GPIOIntUnregisterPin) refers to interrupt.o(i.IntUnregister) for IntUnregister
    gpio.o(i.GPIOPinConfigure) refers to gpio.o(.constdata) for .constdata
    gpio.o(i.GPIOPinTypeADC) refers to gpio.o(i.GPIODirModeSet) for GPIODirModeSet
    gpio.o(i.GPIOPinTypeADC) refers to gpio.o(i.GPIOPadConfigSet) for GPIOPadConfigSet
    gpio.o(i.GPIOPinTypeCAN) refers to gpio.o(i.GPIODirModeSet) for GPIODirModeSet
    gpio.o(i.GPIOPinTypeCAN) refers to gpio.o(i.GPIOPadConfigSet) for GPIOPadConfigSet
    gpio.o(i.GPIOPinTypeComparator) refers to gpio.o(i.GPIODirModeSet) for GPIODirModeSet
    gpio.o(i.GPIOPinTypeComparator) refers to gpio.o(i.GPIOPadConfigSet) for GPIOPadConfigSet
    gpio.o(i.GPIOPinTypeComparatorOutput) refers to gpio.o(i.GPIODirModeSet) for GPIODirModeSet
    gpio.o(i.GPIOPinTypeComparatorOutput) refers to gpio.o(i.GPIOPadConfigSet) for GPIOPadConfigSet
    gpio.o(i.GPIOPinTypeDIVSCLK) refers to gpio.o(i.GPIODirModeSet) for GPIODirModeSet
    gpio.o(i.GPIOPinTypeDIVSCLK) refers to gpio.o(i.GPIOPadConfigSet) for GPIOPadConfigSet
    gpio.o(i.GPIOPinTypeEPI) refers to gpio.o(i.GPIODirModeSet) for GPIODirModeSet
    gpio.o(i.GPIOPinTypeEPI) refers to gpio.o(i.GPIOPadConfigSet) for GPIOPadConfigSet
    gpio.o(i.GPIOPinTypeEthernetLED) refers to gpio.o(i.GPIODirModeSet) for GPIODirModeSet
    gpio.o(i.GPIOPinTypeEthernetLED) refers to gpio.o(i.GPIOPadConfigSet) for GPIOPadConfigSet
    gpio.o(i.GPIOPinTypeEthernetMII) refers to gpio.o(i.GPIODirModeSet) for GPIODirModeSet
    gpio.o(i.GPIOPinTypeEthernetMII) refers to gpio.o(i.GPIOPadConfigSet) for GPIOPadConfigSet
    gpio.o(i.GPIOPinTypeGPIOInput) refers to gpio.o(i.GPIODirModeSet) for GPIODirModeSet
    gpio.o(i.GPIOPinTypeGPIOInput) refers to gpio.o(i.GPIOPadConfigSet) for GPIOPadConfigSet
    gpio.o(i.GPIOPinTypeGPIOOutput) refers to gpio.o(i.GPIOPadConfigSet) for GPIOPadConfigSet
    gpio.o(i.GPIOPinTypeGPIOOutput) refers to gpio.o(i.GPIODirModeSet) for GPIODirModeSet
    gpio.o(i.GPIOPinTypeGPIOOutputOD) refers to gpio.o(i.GPIOPadConfigSet) for GPIOPadConfigSet
    gpio.o(i.GPIOPinTypeGPIOOutputOD) refers to gpio.o(i.GPIODirModeSet) for GPIODirModeSet
    gpio.o(i.GPIOPinTypeHibernateRTCCLK) refers to gpio.o(i.GPIODirModeSet) for GPIODirModeSet
    gpio.o(i.GPIOPinTypeHibernateRTCCLK) refers to gpio.o(i.GPIOPadConfigSet) for GPIOPadConfigSet
    gpio.o(i.GPIOPinTypeI2C) refers to gpio.o(i.GPIODirModeSet) for GPIODirModeSet
    gpio.o(i.GPIOPinTypeI2C) refers to gpio.o(i.GPIOPadConfigSet) for GPIOPadConfigSet
    gpio.o(i.GPIOPinTypeI2CSCL) refers to gpio.o(i.GPIODirModeSet) for GPIODirModeSet
    gpio.o(i.GPIOPinTypeI2CSCL) refers to gpio.o(i.GPIOPadConfigSet) for GPIOPadConfigSet
    gpio.o(i.GPIOPinTypeLCD) refers to gpio.o(i.GPIODirModeSet) for GPIODirModeSet
    gpio.o(i.GPIOPinTypeLCD) refers to gpio.o(i.GPIOPadConfigSet) for GPIOPadConfigSet
    gpio.o(i.GPIOPinTypeOneWire) refers to gpio.o(i.GPIODirModeSet) for GPIODirModeSet
    gpio.o(i.GPIOPinTypeOneWire) refers to gpio.o(i.GPIOPadConfigSet) for GPIOPadConfigSet
    gpio.o(i.GPIOPinTypePWM) refers to gpio.o(i.GPIODirModeSet) for GPIODirModeSet
    gpio.o(i.GPIOPinTypePWM) refers to gpio.o(i.GPIOPadConfigSet) for GPIOPadConfigSet
    gpio.o(i.GPIOPinTypeQEI) refers to gpio.o(i.GPIODirModeSet) for GPIODirModeSet
    gpio.o(i.GPIOPinTypeQEI) refers to gpio.o(i.GPIOPadConfigSet) for GPIOPadConfigSet
    gpio.o(i.GPIOPinTypeSSI) refers to gpio.o(i.GPIODirModeSet) for GPIODirModeSet
    gpio.o(i.GPIOPinTypeSSI) refers to gpio.o(i.GPIOPadConfigSet) for GPIOPadConfigSet
    gpio.o(i.GPIOPinTypeTimer) refers to gpio.o(i.GPIODirModeSet) for GPIODirModeSet
    gpio.o(i.GPIOPinTypeTimer) refers to gpio.o(i.GPIOPadConfigSet) for GPIOPadConfigSet
    gpio.o(i.GPIOPinTypeTrace) refers to gpio.o(i.GPIODirModeSet) for GPIODirModeSet
    gpio.o(i.GPIOPinTypeTrace) refers to gpio.o(i.GPIOPadConfigSet) for GPIOPadConfigSet
    gpio.o(i.GPIOPinTypeUART) refers to gpio.o(i.GPIODirModeSet) for GPIODirModeSet
    gpio.o(i.GPIOPinTypeUART) refers to gpio.o(i.GPIOPadConfigSet) for GPIOPadConfigSet
    gpio.o(i.GPIOPinTypeUSBAnalog) refers to gpio.o(i.GPIODirModeSet) for GPIODirModeSet
    gpio.o(i.GPIOPinTypeUSBAnalog) refers to gpio.o(i.GPIOPadConfigSet) for GPIOPadConfigSet
    gpio.o(i.GPIOPinTypeUSBDigital) refers to gpio.o(i.GPIODirModeSet) for GPIODirModeSet
    gpio.o(i.GPIOPinTypeUSBDigital) refers to gpio.o(i.GPIOPadConfigSet) for GPIOPadConfigSet
    gpio.o(i.GPIOPinTypeWakeHigh) refers to gpio.o(i.GPIODirModeSet) for GPIODirModeSet
    gpio.o(i.GPIOPinTypeWakeHigh) refers to gpio.o(i.GPIOPadConfigSet) for GPIOPadConfigSet
    gpio.o(i.GPIOPinTypeWakeLow) refers to gpio.o(i.GPIODirModeSet) for GPIODirModeSet
    gpio.o(i.GPIOPinTypeWakeLow) refers to gpio.o(i.GPIOPadConfigSet) for GPIOPadConfigSet
    gpio.o(i._GPIOIntNumberGet) refers to gpio.o(.constdata) for .constdata
    interrupt.o(i.IntDisable) refers to interrupt.o(.constdata) for .constdata
    interrupt.o(i.IntEnable) refers to interrupt.o(.constdata) for .constdata
    interrupt.o(i.IntIsEnabled) refers to interrupt.o(.constdata) for .constdata
    interrupt.o(i.IntMasterDisable) refers to cpu.o(.emb_text) for CPUcpsid
    interrupt.o(i.IntMasterEnable) refers to cpu.o(.emb_text) for CPUcpsie
    interrupt.o(i.IntPendClear) refers to interrupt.o(.constdata) for .constdata
    interrupt.o(i.IntPendSet) refers to interrupt.o(.constdata) for .constdata
    interrupt.o(i.IntPriorityGet) refers to interrupt.o(.constdata) for .constdata
    interrupt.o(i.IntPriorityGroupingGet) refers to interrupt.o(.constdata) for .constdata
    interrupt.o(i.IntPriorityGroupingSet) refers to interrupt.o(.constdata) for .constdata
    interrupt.o(i.IntPriorityMaskGet) refers to cpu.o(.emb_text) for CPUbasepriGet
    interrupt.o(i.IntPriorityMaskSet) refers to cpu.o(.emb_text) for CPUbasepriSet
    interrupt.o(i.IntPrioritySet) refers to interrupt.o(.constdata) for .constdata
    interrupt.o(i.IntRegister) refers to interrupt.o(vtable) for vtable
    interrupt.o(i.IntUnregister) refers to interrupt.o(i._IntDefaultHandler) for _IntDefaultHandler
    interrupt.o(i.IntUnregister) refers to interrupt.o(vtable) for vtable
    sysctl.o(i.SysCtlClockFreqSet) refers to sysctl.o(.constdata) for .constdata
    sysctl.o(i.SysCtlClockGet) refers to sysctl.o(.constdata) for .constdata
    sysctl.o(i.SysCtlClockSet) refers to sysctl.o(.emb_text) for SysCtlDelay
    sysctl.o(i.SysCtlDeepSleep) refers to cpu.o(.emb_text) for CPUwfi
    sysctl.o(i.SysCtlIntRegister) refers to interrupt.o(i.IntRegister) for IntRegister
    sysctl.o(i.SysCtlIntRegister) refers to interrupt.o(i.IntEnable) for IntEnable
    sysctl.o(i.SysCtlIntUnregister) refers to interrupt.o(i.IntDisable) for IntDisable
    sysctl.o(i.SysCtlIntUnregister) refers to interrupt.o(i.IntUnregister) for IntUnregister
    sysctl.o(i.SysCtlSleep) refers to cpu.o(.emb_text) for CPUwfi
    sysctl.o(i.SysCtlVCOGet) refers to sysctl.o(.constdata) for .constdata
    __main.o(!!!main) refers to __rtentry.o(.ARM.Collect$$rtentry$$00000000) for __rt_entry
    daddsub_clz.o(x$fpl$dadd) refers (Special) to usenofp.o(x$fpl$usenofp) for __I$use$fp
    daddsub_clz.o(x$fpl$dadd) refers to daddsub_clz.o(x$fpl$dsub) for _dsub1
    daddsub_clz.o(x$fpl$dadd) refers to dretinf.o(x$fpl$dretinf) for __fpl_dretinf
    daddsub_clz.o(x$fpl$dadd) refers to dnaninf.o(x$fpl$dnaninf) for __fpl_dnaninf
    daddsub_clz.o(x$fpl$drsb) refers (Special) to usenofp.o(x$fpl$usenofp) for __I$use$fp
    daddsub_clz.o(x$fpl$drsb) refers to daddsub_clz.o(x$fpl$dadd) for _dadd1
    daddsub_clz.o(x$fpl$drsb) refers to daddsub_clz.o(x$fpl$dsub) for _dsub1
    daddsub_clz.o(x$fpl$dsub) refers (Special) to usenofp.o(x$fpl$usenofp) for __I$use$fp
    daddsub_clz.o(x$fpl$dsub) refers to daddsub_clz.o(x$fpl$dadd) for _dadd1
    daddsub_clz.o(x$fpl$dsub) refers to dnaninf.o(x$fpl$dnaninf) for __fpl_dnaninf
    ddiv.o(x$fpl$drdiv) refers (Special) to usenofp.o(x$fpl$usenofp) for __I$use$fp
    ddiv.o(x$fpl$drdiv) refers to ddiv.o(x$fpl$ddiv) for ddiv_entry
    ddiv.o(x$fpl$ddiv) refers (Special) to usenofp.o(x$fpl$usenofp) for __I$use$fp
    ddiv.o(x$fpl$ddiv) refers to dretinf.o(x$fpl$dretinf) for __fpl_dretinf
    ddiv.o(x$fpl$ddiv) refers to dnaninf.o(x$fpl$dnaninf) for __fpl_dnaninf
    dfixu.o(x$fpl$dfixu) refers (Special) to usenofp.o(x$fpl$usenofp) for __I$use$fp
    dfixu.o(x$fpl$dfixu) refers to dnaninf.o(x$fpl$dnaninf) for __fpl_dnaninf
    dfixu.o(x$fpl$dfixur) refers (Special) to usenofp.o(x$fpl$usenofp) for __I$use$fp
    dfixu.o(x$fpl$dfixur) refers to dnaninf.o(x$fpl$dnaninf) for __fpl_dnaninf
    dmul.o(x$fpl$dmul) refers (Special) to usenofp.o(x$fpl$usenofp) for __I$use$fp
    dmul.o(x$fpl$dmul) refers to dretinf.o(x$fpl$dretinf) for __fpl_dretinf
    dmul.o(x$fpl$dmul) refers to dnaninf.o(x$fpl$dnaninf) for __fpl_dnaninf
    f2d.o(x$fpl$f2d) refers (Special) to usenofp.o(x$fpl$usenofp) for __I$use$fp
    f2d.o(x$fpl$f2d) refers to fnaninf.o(x$fpl$fnaninf) for __fpl_fnaninf
    f2d.o(x$fpl$f2d) refers to dretinf.o(x$fpl$dretinf) for __fpl_dretinf
    __rtentry.o(.ARM.Collect$$rtentry$$00000000) refers (Special) to __rtentry2.o(.ARM.Collect$$rtentry$$0000000A) for __rt_entry_li
    __rtentry.o(.ARM.Collect$$rtentry$$00000000) refers (Special) to __rtentry2.o(.ARM.Collect$$rtentry$$0000000D) for __rt_entry_main
    __rtentry.o(.ARM.Collect$$rtentry$$00000000) refers (Special) to __rtentry2.o(.ARM.Collect$$rtentry$$0000000C) for __rt_entry_postli_1
    __rtentry.o(.ARM.Collect$$rtentry$$00000000) refers (Special) to __rtentry2.o(.ARM.Collect$$rtentry$$00000009) for __rt_entry_postsh_1
    __rtentry.o(.ARM.Collect$$rtentry$$00000000) refers (Special) to __rtentry2.o(.ARM.Collect$$rtentry$$00000002) for __rt_entry_presh_1
    __rtentry.o(.ARM.Collect$$rtentry$$00000000) refers (Special) to __rtentry4.o(.ARM.Collect$$rtentry$$00000004) for __rt_entry_sh
    dnaninf.o(x$fpl$dnaninf) refers (Special) to usenofp.o(x$fpl$usenofp) for __I$use$fp
    dretinf.o(x$fpl$dretinf) refers (Special) to usenofp.o(x$fpl$usenofp) for __I$use$fp
    fnaninf.o(x$fpl$fnaninf) refers (Special) to usenofp.o(x$fpl$usenofp) for __I$use$fp
    __rtentry2.o(.ARM.Collect$$rtentry$$00000008) refers to boardinit2.o(.text) for _platform_post_stackheap_init
    __rtentry2.o(.ARM.Collect$$rtentry$$0000000A) refers to libinit.o(.ARM.Collect$$libinit$$00000000) for __rt_lib_init
    __rtentry2.o(.ARM.Collect$$rtentry$$0000000B) refers to boardinit3.o(.text) for _platform_post_lib_init
    __rtentry2.o(.ARM.Collect$$rtentry$$0000000D) refers to main.o(i.main) for main
    __rtentry2.o(.ARM.Collect$$rtentry$$0000000D) refers to exit.o(.text) for exit
    __rtentry2.o(.ARM.exidx) refers to __rtentry2.o(.ARM.Collect$$rtentry$$00000001) for .ARM.Collect$$rtentry$$00000001
    __rtentry2.o(.ARM.exidx) refers to __rtentry2.o(.ARM.Collect$$rtentry$$00000008) for .ARM.Collect$$rtentry$$00000008
    __rtentry2.o(.ARM.exidx) refers to __rtentry2.o(.ARM.Collect$$rtentry$$0000000A) for .ARM.Collect$$rtentry$$0000000A
    __rtentry2.o(.ARM.exidx) refers to __rtentry2.o(.ARM.Collect$$rtentry$$0000000B) for .ARM.Collect$$rtentry$$0000000B
    __rtentry2.o(.ARM.exidx) refers to __rtentry2.o(.ARM.Collect$$rtentry$$0000000D) for .ARM.Collect$$rtentry$$0000000D
    __rtentry4.o(.ARM.Collect$$rtentry$$00000004) refers to sys_stackheap_outer.o(.text) for __user_setup_stackheap
    __rtentry4.o(.ARM.exidx) refers to __rtentry4.o(.ARM.Collect$$rtentry$$00000004) for .ARM.Collect$$rtentry$$00000004
    sys_stackheap_outer.o(.text) refers to libspace.o(.text) for __user_perproc_libspace
    sys_stackheap_outer.o(.text) refers to startup_rvmdk.o(.text) for __user_initial_stackheap
    exit.o(.text) refers to rtexit.o(.ARM.Collect$$rtexit$$00000000) for __rt_exit
    libinit.o(.ARM.Collect$$libinit$$00000000) refers (Special) to libinit2.o(.ARM.Collect$$libinit$$0000002E) for __rt_lib_init_alloca_1
    libinit.o(.ARM.Collect$$libinit$$00000000) refers (Special) to libinit2.o(.ARM.Collect$$libinit$$0000002C) for __rt_lib_init_argv_1
    libinit.o(.ARM.Collect$$libinit$$00000000) refers (Special) to libinit2.o(.ARM.Collect$$libinit$$0000001B) for __rt_lib_init_atexit_1
    libinit.o(.ARM.Collect$$libinit$$00000000) refers (Special) to libinit2.o(.ARM.Collect$$libinit$$00000021) for __rt_lib_init_clock_1
    libinit.o(.ARM.Collect$$libinit$$00000000) refers (Special) to libinit2.o(.ARM.Collect$$libinit$$00000032) for __rt_lib_init_cpp_1
    libinit.o(.ARM.Collect$$libinit$$00000000) refers (Special) to libinit2.o(.ARM.Collect$$libinit$$00000030) for __rt_lib_init_exceptions_1
    libinit.o(.ARM.Collect$$libinit$$00000000) refers (Special) to libinit2.o(.ARM.Collect$$libinit$$00000001) for __rt_lib_init_fp_1
    libinit.o(.ARM.Collect$$libinit$$00000000) refers (Special) to libinit2.o(.ARM.Collect$$libinit$$0000001F) for __rt_lib_init_fp_trap_1
    libinit.o(.ARM.Collect$$libinit$$00000000) refers (Special) to libinit2.o(.ARM.Collect$$libinit$$00000023) for __rt_lib_init_getenv_1
    libinit.o(.ARM.Collect$$libinit$$00000000) refers (Special) to libinit2.o(.ARM.Collect$$libinit$$0000000A) for __rt_lib_init_heap_1
    libinit.o(.ARM.Collect$$libinit$$00000000) refers (Special) to libinit2.o(.ARM.Collect$$libinit$$00000011) for __rt_lib_init_lc_collate_1
    libinit.o(.ARM.Collect$$libinit$$00000000) refers (Special) to libinit2.o(.ARM.Collect$$libinit$$00000013) for __rt_lib_init_lc_ctype_1
    libinit.o(.ARM.Collect$$libinit$$00000000) refers (Special) to libinit2.o(.ARM.Collect$$libinit$$00000015) for __rt_lib_init_lc_monetary_1
    libinit.o(.ARM.Collect$$libinit$$00000000) refers (Special) to libinit2.o(.ARM.Collect$$libinit$$00000017) for __rt_lib_init_lc_numeric_1
    libinit.o(.ARM.Collect$$libinit$$00000000) refers (Special) to libinit2.o(.ARM.Collect$$libinit$$00000019) for __rt_lib_init_lc_time_1
    libinit.o(.ARM.Collect$$libinit$$00000000) refers (Special) to libinit2.o(.ARM.Collect$$libinit$$00000004) for __rt_lib_init_preinit_1
    libinit.o(.ARM.Collect$$libinit$$00000000) refers (Special) to libinit2.o(.ARM.Collect$$libinit$$0000000E) for __rt_lib_init_rand_1
    libinit.o(.ARM.Collect$$libinit$$00000000) refers (Special) to libinit2.o(.ARM.Collect$$libinit$$00000033) for __rt_lib_init_return
    libinit.o(.ARM.Collect$$libinit$$00000000) refers (Special) to libinit2.o(.ARM.Collect$$libinit$$0000001D) for __rt_lib_init_signal_1
    libinit.o(.ARM.Collect$$libinit$$00000000) refers (Special) to libinit2.o(.ARM.Collect$$libinit$$00000025) for __rt_lib_init_stdio_1
    libinit.o(.ARM.Collect$$libinit$$00000000) refers (Special) to libinit2.o(.ARM.Collect$$libinit$$0000000C) for __rt_lib_init_user_alloc_1
    libspace.o(.text) refers to libspace.o(.bss) for __libspace_start
    rtexit.o(.ARM.Collect$$rtexit$$00000000) refers (Special) to rtexit2.o(.ARM.Collect$$rtexit$$00000004) for __rt_exit_exit
    rtexit.o(.ARM.Collect$$rtexit$$00000000) refers (Special) to rtexit2.o(.ARM.Collect$$rtexit$$00000003) for __rt_exit_ls
    rtexit.o(.ARM.Collect$$rtexit$$00000000) refers (Special) to rtexit2.o(.ARM.Collect$$rtexit$$00000002) for __rt_exit_prels_1
    rtexit.o(.ARM.exidx) refers (Special) to rtexit2.o(.ARM.Collect$$rtexit$$00000004) for __rt_exit_exit
    rtexit.o(.ARM.exidx) refers (Special) to rtexit2.o(.ARM.Collect$$rtexit$$00000003) for __rt_exit_ls
    rtexit.o(.ARM.exidx) refers (Special) to rtexit2.o(.ARM.Collect$$rtexit$$00000002) for __rt_exit_prels_1
    rtexit.o(.ARM.exidx) refers to rtexit.o(.ARM.Collect$$rtexit$$00000000) for .ARM.Collect$$rtexit$$00000000
    libinit2.o(.ARM.Collect$$libinit$$00000001) refers to fpinit.o(x$fpl$fpinit) for _fp_init
    libinit2.o(.ARM.Collect$$libinit$$00000010) refers to libinit2.o(.ARM.Collect$$libinit$$0000000F) for .ARM.Collect$$libinit$$0000000F
    libinit2.o(.ARM.Collect$$libinit$$00000012) refers to libinit2.o(.ARM.Collect$$libinit$$0000000F) for .ARM.Collect$$libinit$$0000000F
    libinit2.o(.ARM.Collect$$libinit$$00000014) refers to libinit2.o(.ARM.Collect$$libinit$$0000000F) for .ARM.Collect$$libinit$$0000000F
    libinit2.o(.ARM.Collect$$libinit$$00000016) refers to libinit2.o(.ARM.Collect$$libinit$$0000000F) for .ARM.Collect$$libinit$$0000000F
    libinit2.o(.ARM.Collect$$libinit$$00000018) refers to libinit2.o(.ARM.Collect$$libinit$$0000000F) for .ARM.Collect$$libinit$$0000000F
    libinit2.o(.ARM.Collect$$libinit$$00000026) refers to argv_veneer.o(.emb_text) for __ARM_argv_veneer
    libinit2.o(.ARM.Collect$$libinit$$00000027) refers to argv_veneer.o(.emb_text) for __ARM_argv_veneer
    rtexit2.o(.ARM.Collect$$rtexit$$00000003) refers to libshutdown.o(.ARM.Collect$$libshutdown$$00000000) for __rt_lib_shutdown
    rtexit2.o(.ARM.Collect$$rtexit$$00000004) refers to sys_exit.o(.text) for _sys_exit
    rtexit2.o(.ARM.exidx) refers to rtexit2.o(.ARM.Collect$$rtexit$$00000001) for .ARM.Collect$$rtexit$$00000001
    rtexit2.o(.ARM.exidx) refers to rtexit2.o(.ARM.Collect$$rtexit$$00000003) for .ARM.Collect$$rtexit$$00000003
    rtexit2.o(.ARM.exidx) refers to rtexit2.o(.ARM.Collect$$rtexit$$00000004) for .ARM.Collect$$rtexit$$00000004
    argv_veneer.o(.emb_text) refers to no_argv.o(.text) for __ARM_get_argv
    sys_exit.o(.text) refers (Special) to use_no_semi.o(.text) for __I$use$semihosting
    sys_exit.o(.text) refers (Special) to indicate_semi.o(.text) for __semihosting_library_function
    _get_argv_nomalloc.o(.text) refers (Special) to hrguard.o(.text) for __heap_region$guard
    _get_argv_nomalloc.o(.text) refers to defsig_rtmem_outer.o(.text) for __rt_SIGRTMEM
    _get_argv_nomalloc.o(.text) refers to sys_command.o(.text) for _sys_command_string
    libshutdown.o(.ARM.Collect$$libshutdown$$00000000) refers (Special) to libshutdown2.o(.ARM.Collect$$libshutdown$$00000002) for __rt_lib_shutdown_cpp_1
    libshutdown.o(.ARM.Collect$$libshutdown$$00000000) refers (Special) to libshutdown2.o(.ARM.Collect$$libshutdown$$00000007) for __rt_lib_shutdown_fp_trap_1
    libshutdown.o(.ARM.Collect$$libshutdown$$00000000) refers (Special) to libshutdown2.o(.ARM.Collect$$libshutdown$$0000000F) for __rt_lib_shutdown_heap_1
    libshutdown.o(.ARM.Collect$$libshutdown$$00000000) refers (Special) to libshutdown2.o(.ARM.Collect$$libshutdown$$00000010) for __rt_lib_shutdown_return
    libshutdown.o(.ARM.Collect$$libshutdown$$00000000) refers (Special) to libshutdown2.o(.ARM.Collect$$libshutdown$$0000000A) for __rt_lib_shutdown_signal_1
    libshutdown.o(.ARM.Collect$$libshutdown$$00000000) refers (Special) to libshutdown2.o(.ARM.Collect$$libshutdown$$00000004) for __rt_lib_shutdown_stdio_1
    libshutdown.o(.ARM.Collect$$libshutdown$$00000000) refers (Special) to libshutdown2.o(.ARM.Collect$$libshutdown$$0000000C) for __rt_lib_shutdown_user_alloc_1
    sys_command.o(.text) refers (Special) to use_no_semi.o(.text) for __I$use$semihosting
    sys_command.o(.text) refers (Special) to indicate_semi.o(.text) for __semihosting_library_function
    defsig_rtmem_outer.o(.text) refers to defsig_rtmem_inner.o(.text) for __rt_SIGRTMEM_inner
    defsig_rtmem_outer.o(.text) refers to defsig_exit.o(.text) for __sig_exit
    defsig_rtmem_formal.o(.text) refers to rt_raise.o(.text) for __rt_raise
    rt_raise.o(.text) refers to __raise.o(.text) for __raise
    rt_raise.o(.text) refers to sys_exit.o(.text) for _sys_exit
    defsig_exit.o(.text) refers to sys_exit.o(.text) for _sys_exit
    defsig_rtmem_inner.o(.text) refers to defsig_general.o(.text) for __default_signal_display
    __raise.o(.text) refers to defsig.o(CL$$defsig) for __default_signal_handler
    defsig_general.o(.text) refers to sys_wrch.o(.text) for _ttywrch
    sys_wrch.o(.text) refers (Special) to use_no_semi.o(.text) for __I$use$semihosting
    sys_wrch.o(.text) refers (Special) to indicate_semi.o(.text) for __semihosting_library_function
    defsig.o(CL$$defsig) refers to defsig_rtmem_inner.o(.text) for __rt_SIGRTMEM_inner
    defsig_abrt_inner.o(.text) refers to defsig_general.o(.text) for __default_signal_display
    defsig_fpe_inner.o(.text) refers to defsig_general.o(.text) for __default_signal_display
    defsig_rtred_inner.o(.text) refers to defsig_general.o(.text) for __default_signal_display
    defsig_stak_inner.o(.text) refers to defsig_general.o(.text) for __default_signal_display
    defsig_pvfn_inner.o(.text) refers to defsig_general.o(.text) for __default_signal_display
    defsig_cppl_inner.o(.text) refers to defsig_general.o(.text) for __default_signal_display
    defsig_segv_inner.o(.text) refers to defsig_general.o(.text) for __default_signal_display
    defsig_other.o(.text) refers to defsig_general.o(.text) for __default_signal_display


==============================================================================

Removing Unused input sections from the image.

    Removing uartstdio.o(i.UARTgetc), (24 bytes).
    Removing uartstdio.o(i.UARTgets), (156 bytes).
    Removing adc.o(i.ADCBusy), (10 bytes).
    Removing adc.o(i.ADCClockConfigGet), (34 bytes).
    Removing adc.o(i.ADCClockConfigSet), (24 bytes).
    Removing adc.o(i.ADCComparatorConfigure), (10 bytes).
    Removing adc.o(i.ADCComparatorIntClear), (4 bytes).
    Removing adc.o(i.ADCComparatorIntDisable), (14 bytes).
    Removing adc.o(i.ADCComparatorIntEnable), (14 bytes).
    Removing adc.o(i.ADCComparatorIntStatus), (6 bytes).
    Removing adc.o(i.ADCComparatorRegionSet), (16 bytes).
    Removing adc.o(i.ADCComparatorReset), (34 bytes).
    Removing adc.o(i.ADCHardwareOversampleConfigure), (18 bytes).
    Removing adc.o(i.ADCIntClearEx), (4 bytes).
    Removing adc.o(i.ADCIntDisable), (12 bytes).
    Removing adc.o(i.ADCIntDisableEx), (8 bytes).
    Removing adc.o(i.ADCIntEnable), (18 bytes).
    Removing adc.o(i.ADCIntEnableEx), (8 bytes).
    Removing adc.o(i.ADCIntRegister), (38 bytes).
    Removing adc.o(i.ADCIntStatusEx), (22 bytes).
    Removing adc.o(i.ADCIntUnregister), (30 bytes).
    Removing adc.o(i.ADCPhaseDelayGet), (6 bytes).
    Removing adc.o(i.ADCPhaseDelaySet), (4 bytes).
    Removing adc.o(i.ADCReferenceGet), (10 bytes).
    Removing adc.o(i.ADCReferenceSet), (12 bytes).
    Removing adc.o(i.ADCSequenceDMADisable), (14 bytes).
    Removing adc.o(i.ADCSequenceDMAEnable), (14 bytes).
    Removing adc.o(i.ADCSequenceDisable), (12 bytes).
    Removing adc.o(i.ADCSequenceOverflow), (12 bytes).
    Removing adc.o(i.ADCSequenceOverflowClear), (8 bytes).
    Removing adc.o(i.ADCSequenceUnderflow), (12 bytes).
    Removing adc.o(i.ADCSequenceUnderflowClear), (8 bytes).
    Removing adc.o(i.ADCSoftwareOversampleConfigure), (52 bytes).
    Removing adc.o(i.ADCSoftwareOversampleDataGet), (96 bytes).
    Removing adc.o(i.ADCSoftwareOversampleStepConfigure), (144 bytes).
    Removing adc.o(i._ADCIntNumberGet), (96 bytes).
    Removing adc.o(.data), (6 bytes).
    Removing can.o(i.CANBitTimingGet), (42 bytes).
    Removing can.o(i.CANBitTimingSet), (106 bytes).
    Removing can.o(i.CANDisable), (10 bytes).
    Removing can.o(i.CANErrCntrGet), (22 bytes).
    Removing can.o(i.CANIntDisable), (10 bytes).
    Removing can.o(i.CANIntUnregister), (108 bytes).
    Removing can.o(i.CANMessageClear), (26 bytes).
    Removing can.o(i.CANMessageGet), (378 bytes).
    Removing can.o(i.CANRetryGet), (14 bytes).
    Removing can.o(i.CANRetrySet), (18 bytes).
    Removing gpio.o(i.GPIOADCTriggerDisable), (14 bytes).
    Removing gpio.o(i.GPIOADCTriggerEnable), (12 bytes).
    Removing gpio.o(i.GPIODMATriggerDisable), (14 bytes).
    Removing gpio.o(i.GPIODMATriggerEnable), (12 bytes).
    Removing gpio.o(i.GPIODirModeGet), (34 bytes).
    Removing gpio.o(i.GPIOIntClear), (6 bytes).
    Removing gpio.o(i.GPIOIntDisable), (14 bytes).
    Removing gpio.o(i.GPIOIntEnable), (12 bytes).
    Removing gpio.o(i.GPIOIntRegister), (26 bytes).
    Removing gpio.o(i.GPIOIntRegisterPin), (30 bytes).
    Removing gpio.o(i.GPIOIntStatus), (14 bytes).
    Removing gpio.o(i.GPIOIntTypeGet), (68 bytes).
    Removing gpio.o(i.GPIOIntTypeSet), (80 bytes).
    Removing gpio.o(i.GPIOIntUnregister), (22 bytes).
    Removing gpio.o(i.GPIOIntUnregisterPin), (26 bytes).
    Removing gpio.o(i.GPIOPadConfigGet), (204 bytes).
    Removing gpio.o(i.GPIOPinRead), (6 bytes).
    Removing gpio.o(i.GPIOPinTypeADC), (28 bytes).
    Removing gpio.o(i.GPIOPinTypeComparator), (28 bytes).
    Removing gpio.o(i.GPIOPinTypeComparatorOutput), (28 bytes).
    Removing gpio.o(i.GPIOPinTypeDIVSCLK), (28 bytes).
    Removing gpio.o(i.GPIOPinTypeEPI), (28 bytes).
    Removing gpio.o(i.GPIOPinTypeEthernetLED), (28 bytes).
    Removing gpio.o(i.GPIOPinTypeEthernetMII), (28 bytes).
    Removing gpio.o(i.GPIOPinTypeGPIOInput), (28 bytes).
    Removing gpio.o(i.GPIOPinTypeGPIOOutput), (28 bytes).
    Removing gpio.o(i.GPIOPinTypeGPIOOutputOD), (28 bytes).
    Removing gpio.o(i.GPIOPinTypeHibernateRTCCLK), (28 bytes).
    Removing gpio.o(i.GPIOPinTypeI2C), (28 bytes).
    Removing gpio.o(i.GPIOPinTypeI2CSCL), (28 bytes).
    Removing gpio.o(i.GPIOPinTypeLCD), (28 bytes).
    Removing gpio.o(i.GPIOPinTypeOneWire), (28 bytes).
    Removing gpio.o(i.GPIOPinTypePWM), (28 bytes).
    Removing gpio.o(i.GPIOPinTypeQEI), (28 bytes).
    Removing gpio.o(i.GPIOPinTypeSSI), (28 bytes).
    Removing gpio.o(i.GPIOPinTypeTimer), (28 bytes).
    Removing gpio.o(i.GPIOPinTypeTrace), (28 bytes).
    Removing gpio.o(i.GPIOPinTypeUSBAnalog), (28 bytes).
    Removing gpio.o(i.GPIOPinTypeUSBDigital), (28 bytes).
    Removing gpio.o(i.GPIOPinTypeWakeHigh), (30 bytes).
    Removing gpio.o(i.GPIOPinTypeWakeLow), (30 bytes).
    Removing gpio.o(i.GPIOPinWakeStatus), (6 bytes).
    Removing gpio.o(i.GPIOPinWrite), (6 bytes).
    Removing gpio.o(i._GPIOIntNumberGet), (80 bytes).
    Removing interrupt.o(i.IntDisable), (100 bytes).
    Removing interrupt.o(i.IntIsEnabled), (96 bytes).
    Removing interrupt.o(i.IntMasterDisable), (14 bytes).
    Removing interrupt.o(i.IntMasterEnable), (14 bytes).
    Removing interrupt.o(i.IntPendClear), (68 bytes).
    Removing interrupt.o(i.IntPendSet), (84 bytes).
    Removing interrupt.o(i.IntPriorityGet), (28 bytes).
    Removing interrupt.o(i.IntPriorityGroupingGet), (36 bytes).
    Removing interrupt.o(i.IntPriorityGroupingSet), (28 bytes).
    Removing interrupt.o(i.IntPriorityMaskGet), (4 bytes).
    Removing interrupt.o(i.IntPriorityMaskSet), (4 bytes).
    Removing interrupt.o(i.IntPrioritySet), (40 bytes).
    Removing interrupt.o(i.IntTrigger), (12 bytes).
    Removing interrupt.o(i.IntUnregister), (20 bytes).
    Removing interrupt.o(i._IntDefaultHandler), (2 bytes).
    Removing sysctl.o(i.SysCtlAltClkConfig), (12 bytes).
    Removing sysctl.o(i.SysCtlClockFreqSet), (748 bytes).
    Removing sysctl.o(i.SysCtlClockOutConfig), (20 bytes).
    Removing sysctl.o(i.SysCtlDeepSleep), (32 bytes).
    Removing sysctl.o(i.SysCtlDeepSleepClockConfigSet), (112 bytes).
    Removing sysctl.o(i.SysCtlDeepSleepClockSet), (12 bytes).
    Removing sysctl.o(i.SysCtlDeepSleepPowerSet), (12 bytes).
    Removing sysctl.o(i.SysCtlFlashSectorSizeGet), (56 bytes).
    Removing sysctl.o(i.SysCtlFlashSizeGet), (56 bytes).
    Removing sysctl.o(i.SysCtlGPIOAHBDisable), (28 bytes).
    Removing sysctl.o(i.SysCtlGPIOAHBEnable), (24 bytes).
    Removing sysctl.o(i.SysCtlIntClear), (12 bytes).
    Removing sysctl.o(i.SysCtlIntDisable), (16 bytes).
    Removing sysctl.o(i.SysCtlIntEnable), (16 bytes).
    Removing sysctl.o(i.SysCtlIntRegister), (20 bytes).
    Removing sysctl.o(i.SysCtlIntStatus), (16 bytes).
    Removing sysctl.o(i.SysCtlIntUnregister), (18 bytes).
    Removing sysctl.o(i.SysCtlLDODeepSleepGet), (12 bytes).
    Removing sysctl.o(i.SysCtlLDODeepSleepSet), (12 bytes).
    Removing sysctl.o(i.SysCtlLDOSleepGet), (12 bytes).
    Removing sysctl.o(i.SysCtlLDOSleepSet), (12 bytes).
    Removing sysctl.o(i.SysCtlMOSCConfigSet), (12 bytes).
    Removing sysctl.o(i.SysCtlNMIClear), (16 bytes).
    Removing sysctl.o(i.SysCtlNMIStatus), (12 bytes).
    Removing sysctl.o(i.SysCtlPIOSCCalibrate), (76 bytes).
    Removing sysctl.o(i.SysCtlPWMClockGet), (24 bytes).
    Removing sysctl.o(i.SysCtlPWMClockSet), (20 bytes).
    Removing sysctl.o(i.SysCtlPeripheralClockGating), (68 bytes).
    Removing sysctl.o(i.SysCtlPeripheralDeepSleepDisable), (40 bytes).
    Removing sysctl.o(i.SysCtlPeripheralDeepSleepEnable), (40 bytes).
    Removing sysctl.o(i.SysCtlPeripheralDisable), (40 bytes).
    Removing sysctl.o(i.SysCtlPeripheralPowerOff), (40 bytes).
    Removing sysctl.o(i.SysCtlPeripheralPowerOn), (40 bytes).
    Removing sysctl.o(i.SysCtlPeripheralPresent), (44 bytes).
    Removing sysctl.o(i.SysCtlPeripheralReady), (44 bytes).
    Removing sysctl.o(i.SysCtlPeripheralReset), (60 bytes).
    Removing sysctl.o(i.SysCtlPeripheralSleepDisable), (40 bytes).
    Removing sysctl.o(i.SysCtlPeripheralSleepEnable), (40 bytes).
    Removing sysctl.o(i.SysCtlReset), (16 bytes).
    Removing sysctl.o(i.SysCtlResetBehaviorGet), (12 bytes).
    Removing sysctl.o(i.SysCtlResetBehaviorSet), (12 bytes).
    Removing sysctl.o(i.SysCtlResetCauseClear), (16 bytes).
    Removing sysctl.o(i.SysCtlResetCauseGet), (12 bytes).
    Removing sysctl.o(i.SysCtlSRAMSizeGet), (16 bytes).
    Removing sysctl.o(i.SysCtlSleep), (4 bytes).
    Removing sysctl.o(i.SysCtlSleepPowerSet), (12 bytes).
    Removing sysctl.o(i.SysCtlUSBPLLDisable), (16 bytes).
    Removing sysctl.o(i.SysCtlUSBPLLEnable), (16 bytes).
    Removing sysctl.o(i.SysCtlVCOGet), (120 bytes).
    Removing sysctl.o(i.SysCtlVoltageEventClear), (16 bytes).
    Removing sysctl.o(i.SysCtlVoltageEventConfig), (12 bytes).
    Removing sysctl.o(i.SysCtlVoltageEventStatus), (12 bytes).
    Removing cpu.o(.emb_text), (38 bytes).

159 unused section(s) (total 5900 bytes) removed from the image.

==============================================================================

Image Symbol Table

    Local Symbols

    Symbol Name                              Value     Ov Type        Size  Object(Section)

    RESET                                    0x00000000   Section      648  startup_rvmdk.o(RESET)
    ../clib/angel/boardlib.s                 0x00000000   Number         0  boardinit3.o ABSOLUTE
    ../clib/angel/boardlib.s                 0x00000000   Number         0  boardshut.o ABSOLUTE
    ../clib/angel/boardlib.s                 0x00000000   Number         0  boardinit2.o ABSOLUTE
    ../clib/angel/boardlib.s                 0x00000000   Number         0  boardinit1.o ABSOLUTE
    ../clib/angel/dczerorl.s                 0x00000000   Number         0  __dczerorl.o ABSOLUTE
    ../clib/angel/handlers.s                 0x00000000   Number         0  __scatter_zi.o ABSOLUTE
    ../clib/angel/kernel.s                   0x00000000   Number         0  __rtentry2.o ABSOLUTE
    ../clib/angel/kernel.s                   0x00000000   Number         0  __rtentry.o ABSOLUTE
    ../clib/angel/kernel.s                   0x00000000   Number         0  rtexit.o ABSOLUTE
    ../clib/angel/kernel.s                   0x00000000   Number         0  rtexit2.o ABSOLUTE
    ../clib/angel/kernel.s                   0x00000000   Number         0  __rtentry4.o ABSOLUTE
    ../clib/angel/rt.s                       0x00000000   Number         0  rt_raise.o ABSOLUTE
    ../clib/angel/scatter.s                  0x00000000   Number         0  __scatter.o ABSOLUTE
    ../clib/angel/startup.s                  0x00000000   Number         0  __main.o ABSOLUTE
    ../clib/angel/sys.s                      0x00000000   Number         0  sys_stackheap_outer.o ABSOLUTE
    ../clib/angel/sys.s                      0x00000000   Number         0  libspace.o ABSOLUTE
    ../clib/angel/sys.s                      0x00000000   Number         0  use_no_semi.o ABSOLUTE
    ../clib/angel/sys.s                      0x00000000   Number         0  indicate_semi.o ABSOLUTE
    ../clib/angel/sysapp.c                   0x00000000   Number         0  sys_exit.o ABSOLUTE
    ../clib/angel/sysapp.c                   0x00000000   Number         0  sys_command.o ABSOLUTE
    ../clib/angel/sysapp.c                   0x00000000   Number         0  sys_wrch.o ABSOLUTE
    ../clib/armsys.c                         0x00000000   Number         0  no_argv.o ABSOLUTE
    ../clib/armsys.c                         0x00000000   Number         0  _get_argv_nomalloc.o ABSOLUTE
    ../clib/armsys.c                         0x00000000   Number         0  argv_veneer.o ABSOLUTE
    ../clib/armsys.c                         0x00000000   Number         0  argv_veneer.o ABSOLUTE
    ../clib/heapalloc.c                      0x00000000   Number         0  hrguard.o ABSOLUTE
    ../clib/heapaux.c                        0x00000000   Number         0  heapauxi.o ABSOLUTE
    ../clib/libinit.s                        0x00000000   Number         0  libshutdown.o ABSOLUTE
    ../clib/libinit.s                        0x00000000   Number         0  libinit.o ABSOLUTE
    ../clib/libinit.s                        0x00000000   Number         0  libinit2.o ABSOLUTE
    ../clib/libinit.s                        0x00000000   Number         0  libshutdown2.o ABSOLUTE
    ../clib/signal.c                         0x00000000   Number         0  defsig_fpe_inner.o ABSOLUTE
    ../clib/signal.c                         0x00000000   Number         0  defsig_rtmem_inner.o ABSOLUTE
    ../clib/signal.c                         0x00000000   Number         0  defsig_cppl_inner.o ABSOLUTE
    ../clib/signal.c                         0x00000000   Number         0  defsig_rtmem_formal.o ABSOLUTE
    ../clib/signal.c                         0x00000000   Number         0  defsig_rtmem_outer.o ABSOLUTE
    ../clib/signal.c                         0x00000000   Number         0  defsig_segv_inner.o ABSOLUTE
    ../clib/signal.c                         0x00000000   Number         0  defsig_other.o ABSOLUTE
    ../clib/signal.c                         0x00000000   Number         0  defsig_general.o ABSOLUTE
    ../clib/signal.c                         0x00000000   Number         0  defsig_abrt_inner.o ABSOLUTE
    ../clib/signal.c                         0x00000000   Number         0  defsig_exit.o ABSOLUTE
    ../clib/signal.c                         0x00000000   Number         0  defsig_pvfn_inner.o ABSOLUTE
    ../clib/signal.c                         0x00000000   Number         0  defsig_stak_inner.o ABSOLUTE
    ../clib/signal.c                         0x00000000   Number         0  __raise.o ABSOLUTE
    ../clib/signal.c                         0x00000000   Number         0  defsig_rtred_inner.o ABSOLUTE
    ../clib/signal.s                         0x00000000   Number         0  defsig.o ABSOLUTE
    ../clib/stdlib.c                         0x00000000   Number         0  exit.o ABSOLUTE
    ../fplib/daddsub.s                       0x00000000   Number         0  daddsub_clz.o ABSOLUTE
    ../fplib/ddiv.s                          0x00000000   Number         0  ddiv.o ABSOLUTE
    ../fplib/dfixu.s                         0x00000000   Number         0  dfixu.o ABSOLUTE
    ../fplib/dmul.s                          0x00000000   Number         0  dmul.o ABSOLUTE
    ../fplib/dnaninf.s                       0x00000000   Number         0  dnaninf.o ABSOLUTE
    ../fplib/dretinf.s                       0x00000000   Number         0  dretinf.o ABSOLUTE
    ../fplib/f2d.s                           0x00000000   Number         0  f2d.o ABSOLUTE
    ../fplib/fnaninf.s                       0x00000000   Number         0  fnaninf.o ABSOLUTE
    ../fplib/fpinit.s                        0x00000000   Number         0  fpinit.o ABSOLUTE
    ../fplib/usenofp.s                       0x00000000   Number         0  usenofp.o ABSOLUTE
    ..\tivaware\examples\boards\ek-tm4c123gxl\drivers\adc.c 0x00000000   Number         0  adc.o ABSOLUTE
    ..\tivaware\utils\uartstdio.c            0x00000000   Number         0  uartstdio.o ABSOLUTE
    ADC.c                                    0x00000000   Number         0  adc_1.o ABSOLUTE
    can.c                                    0x00000000   Number         0  can.o ABSOLUTE
    cpu.c                                    0x00000000   Number         0  cpu.o ABSOLUTE
    cpu.c                                    0x00000000   Number         0  cpu.o ABSOLUTE
    dc.s                                     0x00000000   Number         0  dc.o ABSOLUTE
    gpio.c                                   0x00000000   Number         0  gpio.o ABSOLUTE
    interrupt.c                              0x00000000   Number         0  interrupt.o ABSOLUTE
    main.c                                   0x00000000   Number         0  main.o ABSOLUTE
    startup_rvmdk.S                          0x00000000   Number         0  startup_rvmdk.o ABSOLUTE
    sysctl.c                                 0x00000000   Number         0  sysctl.o ABSOLUTE
    sysctl.c                                 0x00000000   Number         0  sysctl.o ABSOLUTE
    $v0                                      0x0000026c   Number         0  startup_rvmdk.o(RESET)
    NmiSR                                    0x00000281   Thumb Code     0  startup_rvmdk.o(RESET)
    FaultISR                                 0x00000283   Thumb Code     0  startup_rvmdk.o(RESET)
    IntDefaultHandler                        0x00000285   Thumb Code     0  startup_rvmdk.o(RESET)
    !!!main                                  0x00000288   Section        8  __main.o(!!!main)
    !!!scatter                               0x00000290   Section       52  __scatter.o(!!!scatter)
    !!dczerorl                               0x000002c4   Section       58  __dczerorl.o(!!dczerorl)
    !!handler_zi                             0x00000300   Section       28  __scatter_zi.o(!!handler_zi)
    .ARM.Collect$$libinit$$00000000          0x0000031c   Section        2  libinit.o(.ARM.Collect$$libinit$$00000000)
    .ARM.Collect$$libinit$$00000001          0x0000031e   Section        4  libinit2.o(.ARM.Collect$$libinit$$00000001)
    .ARM.Collect$$libinit$$00000004          0x00000322   Section        0  libinit2.o(.ARM.Collect$$libinit$$00000004)
    .ARM.Collect$$libinit$$0000000A          0x00000322   Section        0  libinit2.o(.ARM.Collect$$libinit$$0000000A)
    .ARM.Collect$$libinit$$0000000C          0x00000322   Section        0  libinit2.o(.ARM.Collect$$libinit$$0000000C)
    .ARM.Collect$$libinit$$0000000E          0x00000322   Section        0  libinit2.o(.ARM.Collect$$libinit$$0000000E)
    .ARM.Collect$$libinit$$00000011          0x00000322   Section        0  libinit2.o(.ARM.Collect$$libinit$$00000011)
    .ARM.Collect$$libinit$$00000013          0x00000322   Section        0  libinit2.o(.ARM.Collect$$libinit$$00000013)
    .ARM.Collect$$libinit$$00000015          0x00000322   Section        0  libinit2.o(.ARM.Collect$$libinit$$00000015)
    .ARM.Collect$$libinit$$00000017          0x00000322   Section        0  libinit2.o(.ARM.Collect$$libinit$$00000017)
    .ARM.Collect$$libinit$$00000019          0x00000322   Section        0  libinit2.o(.ARM.Collect$$libinit$$00000019)
    .ARM.Collect$$libinit$$0000001B          0x00000322   Section        0  libinit2.o(.ARM.Collect$$libinit$$0000001B)
    .ARM.Collect$$libinit$$0000001D          0x00000322   Section        0  libinit2.o(.ARM.Collect$$libinit$$0000001D)
    .ARM.Collect$$libinit$$0000001F          0x00000322   Section        0  libinit2.o(.ARM.Collect$$libinit$$0000001F)
    .ARM.Collect$$libinit$$00000021          0x00000322   Section        0  libinit2.o(.ARM.Collect$$libinit$$00000021)
    .ARM.Collect$$libinit$$00000023          0x00000322   Section        0  libinit2.o(.ARM.Collect$$libinit$$00000023)
    .ARM.Collect$$libinit$$00000025          0x00000322   Section        0  libinit2.o(.ARM.Collect$$libinit$$00000025)
    .ARM.Collect$$libinit$$0000002C          0x00000322   Section        0  libinit2.o(.ARM.Collect$$libinit$$0000002C)
    .ARM.Collect$$libinit$$0000002E          0x00000322   Section        0  libinit2.o(.ARM.Collect$$libinit$$0000002E)
    .ARM.Collect$$libinit$$00000030          0x00000322   Section        0  libinit2.o(.ARM.Collect$$libinit$$00000030)
    .ARM.Collect$$libinit$$00000032          0x00000322   Section        0  libinit2.o(.ARM.Collect$$libinit$$00000032)
    .ARM.Collect$$libinit$$00000033          0x00000322   Section        2  libinit2.o(.ARM.Collect$$libinit$$00000033)
    .ARM.Collect$$libshutdown$$00000000      0x00000324   Section        2  libshutdown.o(.ARM.Collect$$libshutdown$$00000000)
    .ARM.Collect$$libshutdown$$00000002      0x00000326   Section        0  libshutdown2.o(.ARM.Collect$$libshutdown$$00000002)
    .ARM.Collect$$libshutdown$$00000004      0x00000326   Section        0  libshutdown2.o(.ARM.Collect$$libshutdown$$00000004)
    .ARM.Collect$$libshutdown$$00000007      0x00000326   Section        0  libshutdown2.o(.ARM.Collect$$libshutdown$$00000007)
    .ARM.Collect$$libshutdown$$0000000A      0x00000326   Section        0  libshutdown2.o(.ARM.Collect$$libshutdown$$0000000A)
    .ARM.Collect$$libshutdown$$0000000C      0x00000326   Section        0  libshutdown2.o(.ARM.Collect$$libshutdown$$0000000C)
    .ARM.Collect$$libshutdown$$0000000F      0x00000326   Section        0  libshutdown2.o(.ARM.Collect$$libshutdown$$0000000F)
    .ARM.Collect$$libshutdown$$00000010      0x00000326   Section        2  libshutdown2.o(.ARM.Collect$$libshutdown$$00000010)
    .ARM.Collect$$rtentry$$00000000          0x00000328   Section        0  __rtentry.o(.ARM.Collect$$rtentry$$00000000)
    .ARM.Collect$$rtentry$$00000002          0x00000328   Section        0  __rtentry2.o(.ARM.Collect$$rtentry$$00000002)
    .ARM.Collect$$rtentry$$00000004          0x00000328   Section        6  __rtentry4.o(.ARM.Collect$$rtentry$$00000004)
    .ARM.Collect$$rtentry$$00000009          0x0000032e   Section        0  __rtentry2.o(.ARM.Collect$$rtentry$$00000009)
    .ARM.Collect$$rtentry$$0000000A          0x0000032e   Section        4  __rtentry2.o(.ARM.Collect$$rtentry$$0000000A)
    .ARM.Collect$$rtentry$$0000000C          0x00000332   Section        0  __rtentry2.o(.ARM.Collect$$rtentry$$0000000C)
    .ARM.Collect$$rtentry$$0000000D          0x00000332   Section        8  __rtentry2.o(.ARM.Collect$$rtentry$$0000000D)
    .ARM.Collect$$rtexit$$00000000           0x0000033a   Section        2  rtexit.o(.ARM.Collect$$rtexit$$00000000)
    .ARM.Collect$$rtexit$$00000002           0x0000033c   Section        0  rtexit2.o(.ARM.Collect$$rtexit$$00000002)
    .ARM.Collect$$rtexit$$00000003           0x0000033c   Section        4  rtexit2.o(.ARM.Collect$$rtexit$$00000003)
    .ARM.Collect$$rtexit$$00000004           0x00000340   Section        6  rtexit2.o(.ARM.Collect$$rtexit$$00000004)
    .emb_text                                0x00000348   Section        6  sysctl.o(.emb_text)
    $v0                                      0x00000348   Number         0  sysctl.o(.emb_text)
    .text                                    0x00000350   Section       24  startup_rvmdk.o(.text)
    $v0                                      0x00000350   Number         0  startup_rvmdk.o(.text)
    .text                                    0x00000368   Section        0  heapauxi.o(.text)
    .text                                    0x0000036e   Section       74  sys_stackheap_outer.o(.text)
    .text                                    0x000003b8   Section        0  exit.o(.text)
    .text                                    0x000003cc   Section        8  libspace.o(.text)
    .text                                    0x000003d4   Section        0  sys_exit.o(.text)
    .text                                    0x000003e0   Section        2  use_no_semi.o(.text)
    .text                                    0x000003e2   Section        0  indicate_semi.o(.text)
    i.ADCIntClear                            0x000003e2   Section        0  adc.o(i.ADCIntClear)
    i.ADCIntStatus                           0x000003ea   Section        0  adc.o(i.ADCIntStatus)
    i.ADCProcessorTrigger                    0x00000420   Section        0  adc.o(i.ADCProcessorTrigger)
    i.ADCSequenceConfigure                   0x00000438   Section        0  adc.o(i.ADCSequenceConfigure)
    i.ADCSequenceDataGet                     0x00000486   Section        0  adc.o(i.ADCSequenceDataGet)
    i.ADCSequenceEnable                      0x000004a8   Section        0  adc.o(i.ADCSequenceEnable)
    i.ADCSequenceStepConfigure               0x000004b4   Section        0  adc.o(i.ADCSequenceStepConfigure)
    i.ADC_Config_Init                        0x0000053c   Section        0  adc_1.o(i.ADC_Config_Init)
    i.ADC_Init                               0x00000550   Section        0  adc_1.o(i.ADC_Init)
    i.Adc_EnableHardwareTrigger              0x0000058a   Section        0  adc_1.o(i.Adc_EnableHardwareTrigger)
    i.Adc_ReadGroup                          0x00000598   Section        0  adc_1.o(i.Adc_ReadGroup)
    i.CANBitRateSet                          0x000005ac   Section        0  can.o(i.CANBitRateSet)
    i.CANEnable                              0x0000061c   Section        0  can.o(i.CANEnable)
    i.CANInit                                0x00000626   Section        0  can.o(i.CANInit)
    i.CANIntClear                            0x00000668   Section        0  can.o(i.CANIntClear)
    i.CANIntEnable                           0x0000068e   Section        0  can.o(i.CANIntEnable)
    i.CANIntHandler                          0x00000698   Section        0  main.o(i.CANIntHandler)
    i.CANIntRegister                         0x00000700   Section        0  can.o(i.CANIntRegister)
    i.CANIntStatus                           0x0000076c   Section        0  can.o(i.CANIntStatus)
    i.CANMessageSet                          0x0000078c   Section        0  can.o(i.CANMessageSet)
    i.CANStatusGet                           0x000008f2   Section        0  can.o(i.CANStatusGet)
    i.GPIODirModeSet                         0x00000936   Section        0  gpio.o(i.GPIODirModeSet)
    i.GPIOPadConfigSet                       0x0000095e   Section        0  gpio.o(i.GPIOPadConfigSet)
    i.GPIOPinConfigure                       0x00000a98   Section        0  gpio.o(i.GPIOPinConfigure)
    i.GPIOPinTypeCAN                         0x00000adc   Section        0  gpio.o(i.GPIOPinTypeCAN)
    i.GPIOPinTypeUART                        0x00000af8   Section        0  gpio.o(i.GPIOPinTypeUART)
    i.IntEnable                              0x00000b14   Section        0  interrupt.o(i.IntEnable)
    i.IntRegister                            0x00000b78   Section        0  interrupt.o(i.IntRegister)
    i.SysCtlClockGet                         0x00000bac   Section        0  sysctl.o(i.SysCtlClockGet)
    i.SysCtlClockSet                         0x00000d00   Section        0  sysctl.o(i.SysCtlClockSet)
    i.SysCtlPeripheralEnable                 0x00000e20   Section        0  sysctl.o(i.SysCtlPeripheralEnable)
    i.UARTStdioConfig                        0x00000e48   Section        0  uartstdio.o(i.UARTStdioConfig)
    i.UARTprintf                             0x00000eb4   Section        0  uartstdio.o(i.UARTprintf)
    i.UARTvprintf                            0x00000ed0   Section        0  uartstdio.o(i.UARTvprintf)
    i.UARTwrite                              0x00001120   Section        0  uartstdio.o(i.UARTwrite)
    i.delay                                  0x00001160   Section        0  main.o(i.delay)
    i.main                                   0x00001174   Section        0  main.o(i.main)
    x$fpl$dadd                               0x000013c4   Section      336  daddsub_clz.o(x$fpl$dadd)
    $v0                                      0x000013c4   Number         0  daddsub_clz.o(x$fpl$dadd)
    _dadd1                                   0x000013d5   Thumb Code     0  daddsub_clz.o(x$fpl$dadd)
    x$fpl$ddiv                               0x00001514   Section      688  ddiv.o(x$fpl$ddiv)
    $v0                                      0x00001514   Number         0  ddiv.o(x$fpl$ddiv)
    ddiv_entry                               0x0000151b   Thumb Code     0  ddiv.o(x$fpl$ddiv)
    x$fpl$dfixu                              0x000017c4   Section       90  dfixu.o(x$fpl$dfixu)
    $v0                                      0x000017c4   Number         0  dfixu.o(x$fpl$dfixu)
    x$fpl$dmul                               0x00001820   Section      340  dmul.o(x$fpl$dmul)
    $v0                                      0x00001820   Number         0  dmul.o(x$fpl$dmul)
    x$fpl$dnaninf                            0x00001974   Section      156  dnaninf.o(x$fpl$dnaninf)
    $v0                                      0x00001974   Number         0  dnaninf.o(x$fpl$dnaninf)
    x$fpl$dretinf                            0x00001a10   Section       12  dretinf.o(x$fpl$dretinf)
    $v0                                      0x00001a10   Number         0  dretinf.o(x$fpl$dretinf)
    x$fpl$drsb                               0x00001a1c   Section       22  daddsub_clz.o(x$fpl$drsb)
    $v0                                      0x00001a1c   Number         0  daddsub_clz.o(x$fpl$drsb)
    x$fpl$dsub                               0x00001a34   Section      468  daddsub_clz.o(x$fpl$dsub)
    $v0                                      0x00001a34   Number         0  daddsub_clz.o(x$fpl$dsub)
    _dsub1                                   0x00001a45   Thumb Code     0  daddsub_clz.o(x$fpl$dsub)
    x$fpl$f2d                                0x00001c08   Section       86  f2d.o(x$fpl$f2d)
    $v0                                      0x00001c08   Number         0  f2d.o(x$fpl$f2d)
    x$fpl$fnaninf                            0x00001c5e   Section      140  fnaninf.o(x$fpl$fnaninf)
    $v0                                      0x00001c5e   Number         0  fnaninf.o(x$fpl$fnaninf)
    x$fpl$fpinit                             0x00001cea   Section       10  fpinit.o(x$fpl$fpinit)
    $v0                                      0x00001cea   Number         0  fpinit.o(x$fpl$fpinit)
    .constdata                               0x00001cf4   Section       28  uartstdio.o(.constdata)
    x$fpl$usenofp                            0x00001cf4   Section        0  usenofp.o(x$fpl$usenofp)
    g_pcHex                                  0x00001cf4   Data           4  uartstdio.o(.constdata)
    g_ui32UARTBase                           0x00001cf8   Data          12  uartstdio.o(.constdata)
    g_ui32UARTPeriph                         0x00001d04   Data          12  uartstdio.o(.constdata)
    .constdata                               0x00001d10   Section       32  can.o(.constdata)
    g_ui16CANBitValues                       0x00001d10   Data          32  can.o(.constdata)
    .constdata                               0x00001d30   Section      552  gpio.o(.constdata)
    g_ppui32GPIOIntMapBlizzard               0x00001d30   Data         192  gpio.o(.constdata)
    g_ppui32GPIOIntMapSnowflake              0x00001df0   Data         216  gpio.o(.constdata)
    g_pui32GPIOBaseAddrs                     0x00001ec8   Data         144  gpio.o(.constdata)
    .constdata                               0x00001f58   Section      268  interrupt.o(.constdata)
    g_pui32Priority                          0x00001f58   Data          32  interrupt.o(.constdata)
    g_pui32Regs                              0x00001f78   Data         156  interrupt.o(.constdata)
    g_pui32EnRegs                            0x00002014   Data          20  interrupt.o(.constdata)
    g_pui32Dii16Regs                         0x00002028   Data          20  interrupt.o(.constdata)
    g_pui32PendRegs                          0x0000203c   Data          20  interrupt.o(.constdata)
    g_pui32UnpendRegs                        0x00002050   Data          20  interrupt.o(.constdata)
    .constdata                               0x00002064   Section      596  sysctl.o(.constdata)
    g_pui32VCOFrequencies                    0x00002064   Data           8  sysctl.o(.constdata)
    g_pui32Xtals                             0x0000206c   Data         108  sysctl.o(.constdata)
    g_pppui32XTALtoVCO                       0x000020d8   Data         432  sysctl.o(.constdata)
    g_sXTALtoMEMTIM                          0x00002288   Data          48  sysctl.o(.constdata)
    .conststring                             0x000022b8   Section       17  uartstdio.o(.conststring)
    .data                                    0x20000000   Section       28  main.o(.data)
    .data                                    0x2000001c   Section        5  uartstdio.o(.data)
    g_ui32Base                               0x2000001c   Data           4  uartstdio.o(.data)
    bLastWasCR                               0x20000020   Data           1  uartstdio.o(.data)
    vtable                                   0x20000400   Section      620  interrupt.o(vtable)
    g_pfnRAMVectors                          0x20000400   Data         620  interrupt.o(vtable)
    .bss                                     0x2000066c   Section       96  libspace.o(.bss)
    HEAP                                     0x200006d0   Section        0  startup_rvmdk.o(HEAP)
    STACK                                    0x200006d0   Section      256  startup_rvmdk.o(STACK)
    HeapMem                                  0x200006d0   Data           0  startup_rvmdk.o(HEAP)
    StackMem                                 0x200006d0   Data           0  startup_rvmdk.o(STACK)

    Global Symbols

    Symbol Name                              Value     Ov Type        Size  Object(Section)

    BuildAttributes$$THM_ISAv4$E$P$D$K$B$S$7EM$VFPi3$EXTD16$VFPS$VFMA$PE$A:L22UL41UL21$X:L11$S22US41US21$IEEE1$IW$USESV6$~STKCKD$USESV7$~SHL$OTIME$ROPI$EBA8$UX$STANDARDLIB$REQ8$PRES8$EABIv2 0x00000000   Number         0  anon$$obj.o ABSOLUTE
    __ARM_use_no_argv                        0x00000000   Number         0  main.o ABSOLUTE
    __Vectors                                0x00000000   Data           0  startup_rvmdk.o(RESET)
    __ARM_exceptions_init                     - Undefined Weak Reference
    __alloca_initialize                       - Undefined Weak Reference
    __arm_preinit_                            - Undefined Weak Reference
    __cpp_initialize__aeabi_                  - Undefined Weak Reference
    __cxa_finalize                            - Undefined Weak Reference
    __rt_locale                               - Undefined Weak Reference
    __sigvec_lookup                           - Undefined Weak Reference
    _atexit_init                              - Undefined Weak Reference
    _call_atexit_fns                          - Undefined Weak Reference
    _clock_init                               - Undefined Weak Reference
    _fp_trap_init                             - Undefined Weak Reference
    _fp_trap_shutdown                         - Undefined Weak Reference
    _get_lc_collate                           - Undefined Weak Reference
    _get_lc_ctype                             - Undefined Weak Reference
    _get_lc_monetary                          - Undefined Weak Reference
    _get_lc_numeric                           - Undefined Weak Reference
    _get_lc_time                              - Undefined Weak Reference
    _getenv_init                              - Undefined Weak Reference
    _handle_redirection                       - Undefined Weak Reference
    _init_alloc                               - Undefined Weak Reference
    _init_user_alloc                          - Undefined Weak Reference
    _initio                                   - Undefined Weak Reference
    _rand_init                                - Undefined Weak Reference
    _signal_finish                            - Undefined Weak Reference
    _signal_init                              - Undefined Weak Reference
    _terminate_alloc                          - Undefined Weak Reference
    _terminate_user_alloc                     - Undefined Weak Reference
    _terminateio                              - Undefined Weak Reference
    Reset_Handler                            0x0000026d   Thumb Code     0  startup_rvmdk.o(RESET)
    __main                                   0x00000289   Thumb Code     8  __main.o(!!!main)
    __scatterload                            0x00000291   Thumb Code     0  __scatter.o(!!!scatter)
    __scatterload_rt2                        0x00000291   Thumb Code    44  __scatter.o(!!!scatter)
    __scatterload_rt2_thumb_only             0x00000291   Thumb Code     0  __scatter.o(!!!scatter)
    __scatterload_null                       0x0000029f   Thumb Code     0  __scatter.o(!!!scatter)
    __decompress                             0x000002c5   Thumb Code    58  __dczerorl.o(!!dczerorl)
    __decompress0                            0x000002c5   Thumb Code     0  __dczerorl.o(!!dczerorl)
    __scatterload_zeroinit                   0x00000301   Thumb Code    28  __scatter_zi.o(!!handler_zi)
    __rt_lib_init                            0x0000031d   Thumb Code     0  libinit.o(.ARM.Collect$$libinit$$00000000)
    __rt_lib_init_fp_1                       0x0000031f   Thumb Code     0  libinit2.o(.ARM.Collect$$libinit$$00000001)
    __rt_lib_init_alloca_1                   0x00000323   Thumb Code     0  libinit2.o(.ARM.Collect$$libinit$$0000002E)
    __rt_lib_init_argv_1                     0x00000323   Thumb Code     0  libinit2.o(.ARM.Collect$$libinit$$0000002C)
    __rt_lib_init_atexit_1                   0x00000323   Thumb Code     0  libinit2.o(.ARM.Collect$$libinit$$0000001B)
    __rt_lib_init_clock_1                    0x00000323   Thumb Code     0  libinit2.o(.ARM.Collect$$libinit$$00000021)
    __rt_lib_init_cpp_1                      0x00000323   Thumb Code     0  libinit2.o(.ARM.Collect$$libinit$$00000032)
    __rt_lib_init_exceptions_1               0x00000323   Thumb Code     0  libinit2.o(.ARM.Collect$$libinit$$00000030)
    __rt_lib_init_fp_trap_1                  0x00000323   Thumb Code     0  libinit2.o(.ARM.Collect$$libinit$$0000001F)
    __rt_lib_init_getenv_1                   0x00000323   Thumb Code     0  libinit2.o(.ARM.Collect$$libinit$$00000023)
    __rt_lib_init_heap_1                     0x00000323   Thumb Code     0  libinit2.o(.ARM.Collect$$libinit$$0000000A)
    __rt_lib_init_lc_collate_1               0x00000323   Thumb Code     0  libinit2.o(.ARM.Collect$$libinit$$00000011)
    __rt_lib_init_lc_ctype_1                 0x00000323   Thumb Code     0  libinit2.o(.ARM.Collect$$libinit$$00000013)
    __rt_lib_init_lc_monetary_1              0x00000323   Thumb Code     0  libinit2.o(.ARM.Collect$$libinit$$00000015)
    __rt_lib_init_lc_numeric_1               0x00000323   Thumb Code     0  libinit2.o(.ARM.Collect$$libinit$$00000017)
    __rt_lib_init_lc_time_1                  0x00000323   Thumb Code     0  libinit2.o(.ARM.Collect$$libinit$$00000019)
    __rt_lib_init_preinit_1                  0x00000323   Thumb Code     0  libinit2.o(.ARM.Collect$$libinit$$00000004)
    __rt_lib_init_rand_1                     0x00000323   Thumb Code     0  libinit2.o(.ARM.Collect$$libinit$$0000000E)
    __rt_lib_init_return                     0x00000323   Thumb Code     0  libinit2.o(.ARM.Collect$$libinit$$00000033)
    __rt_lib_init_signal_1                   0x00000323   Thumb Code     0  libinit2.o(.ARM.Collect$$libinit$$0000001D)
    __rt_lib_init_stdio_1                    0x00000323   Thumb Code     0  libinit2.o(.ARM.Collect$$libinit$$00000025)
    __rt_lib_init_user_alloc_1               0x00000323   Thumb Code     0  libinit2.o(.ARM.Collect$$libinit$$0000000C)
    __rt_lib_shutdown                        0x00000325   Thumb Code     0  libshutdown.o(.ARM.Collect$$libshutdown$$00000000)
    __rt_lib_shutdown_cpp_1                  0x00000327   Thumb Code     0  libshutdown2.o(.ARM.Collect$$libshutdown$$00000002)
    __rt_lib_shutdown_fp_trap_1              0x00000327   Thumb Code     0  libshutdown2.o(.ARM.Collect$$libshutdown$$00000007)
    __rt_lib_shutdown_heap_1                 0x00000327   Thumb Code     0  libshutdown2.o(.ARM.Collect$$libshutdown$$0000000F)
    __rt_lib_shutdown_return                 0x00000327   Thumb Code     0  libshutdown2.o(.ARM.Collect$$libshutdown$$00000010)
    __rt_lib_shutdown_signal_1               0x00000327   Thumb Code     0  libshutdown2.o(.ARM.Collect$$libshutdown$$0000000A)
    __rt_lib_shutdown_stdio_1                0x00000327   Thumb Code     0  libshutdown2.o(.ARM.Collect$$libshutdown$$00000004)
    __rt_lib_shutdown_user_alloc_1           0x00000327   Thumb Code     0  libshutdown2.o(.ARM.Collect$$libshutdown$$0000000C)
    __rt_entry                               0x00000329   Thumb Code     0  __rtentry.o(.ARM.Collect$$rtentry$$00000000)
    __rt_entry_presh_1                       0x00000329   Thumb Code     0  __rtentry2.o(.ARM.Collect$$rtentry$$00000002)
    __rt_entry_sh                            0x00000329   Thumb Code     0  __rtentry4.o(.ARM.Collect$$rtentry$$00000004)
    __rt_entry_li                            0x0000032f   Thumb Code     0  __rtentry2.o(.ARM.Collect$$rtentry$$0000000A)
    __rt_entry_postsh_1                      0x0000032f   Thumb Code     0  __rtentry2.o(.ARM.Collect$$rtentry$$00000009)
    __rt_entry_main                          0x00000333   Thumb Code     0  __rtentry2.o(.ARM.Collect$$rtentry$$0000000D)
    __rt_entry_postli_1                      0x00000333   Thumb Code     0  __rtentry2.o(.ARM.Collect$$rtentry$$0000000C)
    __rt_exit                                0x0000033b   Thumb Code     0  rtexit.o(.ARM.Collect$$rtexit$$00000000)
    __rt_exit_ls                             0x0000033d   Thumb Code     0  rtexit2.o(.ARM.Collect$$rtexit$$00000003)
    __rt_exit_prels_1                        0x0000033d   Thumb Code     0  rtexit2.o(.ARM.Collect$$rtexit$$00000002)
    __rt_exit_exit                           0x00000341   Thumb Code     0  rtexit2.o(.ARM.Collect$$rtexit$$00000004)
    SysCtlDelay                              0x00000349   Thumb Code     6  sysctl.o(.emb_text)
    __user_initial_stackheap                 0x00000351   Thumb Code     0  startup_rvmdk.o(.text)
    __use_two_region_memory                  0x00000369   Thumb Code     2  heapauxi.o(.text)
    __rt_heap_escrow$2region                 0x0000036b   Thumb Code     2  heapauxi.o(.text)
    __rt_heap_expand$2region                 0x0000036d   Thumb Code     2  heapauxi.o(.text)
    __user_setup_stackheap                   0x0000036f   Thumb Code    74  sys_stackheap_outer.o(.text)
    exit                                     0x000003b9   Thumb Code    18  exit.o(.text)
    __user_libspace                          0x000003cd   Thumb Code     8  libspace.o(.text)
    __user_perproc_libspace                  0x000003cd   Thumb Code     0  libspace.o(.text)
    __user_perthread_libspace                0x000003cd   Thumb Code     0  libspace.o(.text)
    _sys_exit                                0x000003d5   Thumb Code     8  sys_exit.o(.text)
    __I$use$semihosting                      0x000003e1   Thumb Code     0  use_no_semi.o(.text)
    __use_no_semihosting_swi                 0x000003e1   Thumb Code     2  use_no_semi.o(.text)
    ADCIntClear                              0x000003e3   Thumb Code     8  adc.o(i.ADCIntClear)
    __semihosting_library_function           0x000003e3   Thumb Code     0  indicate_semi.o(.text)
    ADCIntStatus                             0x000003eb   Thumb Code    54  adc.o(i.ADCIntStatus)
    ADCProcessorTrigger                      0x00000421   Thumb Code    24  adc.o(i.ADCProcessorTrigger)
    ADCSequenceConfigure                     0x00000439   Thumb Code    78  adc.o(i.ADCSequenceConfigure)
    ADCSequenceDataGet                       0x00000487   Thumb Code    34  adc.o(i.ADCSequenceDataGet)
    ADCSequenceEnable                        0x000004a9   Thumb Code    12  adc.o(i.ADCSequenceEnable)
    ADCSequenceStepConfigure                 0x000004b5   Thumb Code   136  adc.o(i.ADCSequenceStepConfigure)
    ADC_Config_Init                          0x0000053d   Thumb Code    12  adc_1.o(i.ADC_Config_Init)
    ADC_Init                                 0x00000551   Thumb Code    58  adc_1.o(i.ADC_Init)
    Adc_EnableHardwareTrigger                0x0000058b   Thumb Code    14  adc_1.o(i.Adc_EnableHardwareTrigger)
    Adc_ReadGroup                            0x00000599   Thumb Code    18  adc_1.o(i.Adc_ReadGroup)
    CANBitRateSet                            0x000005ad   Thumb Code   108  can.o(i.CANBitRateSet)
    CANEnable                                0x0000061d   Thumb Code    10  can.o(i.CANEnable)
    CANInit                                  0x00000627   Thumb Code    66  can.o(i.CANInit)
    CANIntClear                              0x00000669   Thumb Code    38  can.o(i.CANIntClear)
    CANIntEnable                             0x0000068f   Thumb Code     8  can.o(i.CANIntEnable)
    CANIntHandler                            0x00000699   Thumb Code    64  main.o(i.CANIntHandler)
    CANIntRegister                           0x00000701   Thumb Code    92  can.o(i.CANIntRegister)
    CANIntStatus                             0x0000076d   Thumb Code    32  can.o(i.CANIntStatus)
    CANMessageSet                            0x0000078d   Thumb Code   358  can.o(i.CANMessageSet)
    CANStatusGet                             0x000008f3   Thumb Code    68  can.o(i.CANStatusGet)
    GPIODirModeSet                           0x00000937   Thumb Code    40  gpio.o(i.GPIODirModeSet)
    GPIOPadConfigSet                         0x0000095f   Thumb Code   312  gpio.o(i.GPIOPadConfigSet)
    GPIOPinConfigure                         0x00000a99   Thumb Code    60  gpio.o(i.GPIOPinConfigure)
    GPIOPinTypeCAN                           0x00000add   Thumb Code    28  gpio.o(i.GPIOPinTypeCAN)
    GPIOPinTypeUART                          0x00000af9   Thumb Code    28  gpio.o(i.GPIOPinTypeUART)
    IntEnable                                0x00000b15   Thumb Code    92  interrupt.o(i.IntEnable)
    IntRegister                              0x00000b79   Thumb Code    44  interrupt.o(i.IntRegister)
    SysCtlClockGet                           0x00000bad   Thumb Code   304  sysctl.o(i.SysCtlClockGet)
    SysCtlClockSet                           0x00000d01   Thumb Code   270  sysctl.o(i.SysCtlClockSet)
    SysCtlPeripheralEnable                   0x00000e21   Thumb Code    36  sysctl.o(i.SysCtlPeripheralEnable)
    UARTStdioConfig                          0x00000e49   Thumb Code    96  uartstdio.o(i.UARTStdioConfig)
    UARTprintf                               0x00000eb5   Thumb Code    26  uartstdio.o(i.UARTprintf)
    UARTvprintf                              0x00000ed1   Thumb Code   574  uartstdio.o(i.UARTvprintf)
    UARTwrite                                0x00001121   Thumb Code    58  uartstdio.o(i.UARTwrite)
    delay                                    0x00001161   Thumb Code    16  main.o(i.delay)
    main                                     0x00001175   Thumb Code   416  main.o(i.main)
    __aeabi_dadd                             0x000013c5   Thumb Code     0  daddsub_clz.o(x$fpl$dadd)
    _dadd                                    0x000013c5   Thumb Code   332  daddsub_clz.o(x$fpl$dadd)
    __aeabi_ddiv                             0x00001515   Thumb Code     0  ddiv.o(x$fpl$ddiv)
    _ddiv                                    0x00001515   Thumb Code   552  ddiv.o(x$fpl$ddiv)
    __aeabi_d2uiz                            0x000017c5   Thumb Code     0  dfixu.o(x$fpl$dfixu)
    _dfixu                                   0x000017c5   Thumb Code    90  dfixu.o(x$fpl$dfixu)
    __aeabi_dmul                             0x00001821   Thumb Code     0  dmul.o(x$fpl$dmul)
    _dmul                                    0x00001821   Thumb Code   332  dmul.o(x$fpl$dmul)
    __fpl_dnaninf                            0x00001975   Thumb Code   156  dnaninf.o(x$fpl$dnaninf)
    __fpl_dretinf                            0x00001a11   Thumb Code    12  dretinf.o(x$fpl$dretinf)
    __aeabi_drsub                            0x00001a1d   Thumb Code     0  daddsub_clz.o(x$fpl$drsb)
    _drsb                                    0x00001a1d   Thumb Code    22  daddsub_clz.o(x$fpl$drsb)
    __aeabi_dsub                             0x00001a35   Thumb Code     0  daddsub_clz.o(x$fpl$dsub)
    _dsub                                    0x00001a35   Thumb Code   464  daddsub_clz.o(x$fpl$dsub)
    __aeabi_f2d                              0x00001c09   Thumb Code     0  f2d.o(x$fpl$f2d)
    _f2d                                     0x00001c09   Thumb Code    86  f2d.o(x$fpl$f2d)
    __fpl_fnaninf                            0x00001c5f   Thumb Code   140  fnaninf.o(x$fpl$fnaninf)
    _fp_init                                 0x00001ceb   Thumb Code    10  fpinit.o(x$fpl$fpinit)
    __fplib_config_fpu_vfp                   0x00001cf3   Thumb Code     0  fpinit.o(x$fpl$fpinit)
    __fplib_config_pureend_doubles           0x00001cf3   Thumb Code     0  fpinit.o(x$fpl$fpinit)
    __I$use$fp                               0x00001cf4   Number         0  usenofp.o(x$fpl$usenofp)
    Region$$Table$$Base                      0x000022cc   Number         0  anon$$obj.o(Region$$Table)
    Region$$Table$$Limit                     0x000022ec   Number         0  anon$$obj.o(Region$$Table)
    TempValueC_1                             0x20000000   Data           4  main.o(.data)
    TempValueF_1                             0x20000004   Data           4  main.o(.data)
    ADCValues                                0x20000008   Data           4  main.o(.data)
    Adc_Config_Test                          0x2000000c   Data           8  main.o(.data)
    errFlag                                  0x20000014   Data           1  main.o(.data)
    sysClock                                 0x20000018   Data           4  main.o(.data)
    __libspace_start                         0x2000066c   Data          96  libspace.o(.bss)
    __temporary_stack_top$libspace           0x200006cc   Data           0  libspace.o(.bss)



==============================================================================

Memory Map of the image

  Image Entry point : 0x0000026d

  Load Region LR_1 (Base: 0x00000000, Size: 0x00002958, Max: 0xffffffff, ABSOLUTE, COMPRESSED[0x000022fc])

    Execution Region ER_RO (Exec base: 0x00000000, Load base: 0x00000000, Size: 0x000022ec, Max: 0xffffffff, ABSOLUTE)

    Exec Addr    Load Addr    Size         Type   Attr      Idx    E Section Name        Object

    0x00000000   0x00000000   0x00000288   Code   RO           84  * RESET               startup_rvmdk.o
    0x00000288   0x00000288   0x00000008   Code   RO         1370  * !!!main             c_w.l(__main.o)
    0x00000290   0x00000290   0x00000034   Code   RO         1554    !!!scatter          c_w.l(__scatter.o)
    0x000002c4   0x000002c4   0x0000003a   Code   RO         1552    !!dczerorl          c_w.l(__dczerorl.o)
    0x000002fe   0x000002fe   0x00000002   PAD
    0x00000300   0x00000300   0x0000001c   Code   RO         1556    !!handler_zi        c_w.l(__scatter_zi.o)
    0x0000031c   0x0000031c   0x00000002   Code   RO         1422    .ARM.Collect$$libinit$$00000000  c_w.l(libinit.o)
    0x0000031e   0x0000031e   0x00000004   Code   RO         1428    .ARM.Collect$$libinit$$00000001  c_w.l(libinit2.o)
    0x00000322   0x00000322   0x00000000   Code   RO         1431    .ARM.Collect$$libinit$$00000004  c_w.l(libinit2.o)
    0x00000322   0x00000322   0x00000000   Code   RO         1434    .ARM.Collect$$libinit$$0000000A  c_w.l(libinit2.o)
    0x00000322   0x00000322   0x00000000   Code   RO         1436    .ARM.Collect$$libinit$$0000000C  c_w.l(libinit2.o)
    0x00000322   0x00000322   0x00000000   Code   RO         1438    .ARM.Collect$$libinit$$0000000E  c_w.l(libinit2.o)
    0x00000322   0x00000322   0x00000000   Code   RO         1441    .ARM.Collect$$libinit$$00000011  c_w.l(libinit2.o)
    0x00000322   0x00000322   0x00000000   Code   RO         1443    .ARM.Collect$$libinit$$00000013  c_w.l(libinit2.o)
    0x00000322   0x00000322   0x00000000   Code   RO         1445    .ARM.Collect$$libinit$$00000015  c_w.l(libinit2.o)
    0x00000322   0x00000322   0x00000000   Code   RO         1447    .ARM.Collect$$libinit$$00000017  c_w.l(libinit2.o)
    0x00000322   0x00000322   0x00000000   Code   RO         1449    .ARM.Collect$$libinit$$00000019  c_w.l(libinit2.o)
    0x00000322   0x00000322   0x00000000   Code   RO         1451    .ARM.Collect$$libinit$$0000001B  c_w.l(libinit2.o)
    0x00000322   0x00000322   0x00000000   Code   RO         1453    .ARM.Collect$$libinit$$0000001D  c_w.l(libinit2.o)
    0x00000322   0x00000322   0x00000000   Code   RO         1455    .ARM.Collect$$libinit$$0000001F  c_w.l(libinit2.o)
    0x00000322   0x00000322   0x00000000   Code   RO         1457    .ARM.Collect$$libinit$$00000021  c_w.l(libinit2.o)
    0x00000322   0x00000322   0x00000000   Code   RO         1459    .ARM.Collect$$libinit$$00000023  c_w.l(libinit2.o)
    0x00000322   0x00000322   0x00000000   Code   RO         1461    .ARM.Collect$$libinit$$00000025  c_w.l(libinit2.o)
    0x00000322   0x00000322   0x00000000   Code   RO         1465    .ARM.Collect$$libinit$$0000002C  c_w.l(libinit2.o)
    0x00000322   0x00000322   0x00000000   Code   RO         1467    .ARM.Collect$$libinit$$0000002E  c_w.l(libinit2.o)
    0x00000322   0x00000322   0x00000000   Code   RO         1469    .ARM.Collect$$libinit$$00000030  c_w.l(libinit2.o)
    0x00000322   0x00000322   0x00000000   Code   RO         1471    .ARM.Collect$$libinit$$00000032  c_w.l(libinit2.o)
    0x00000322   0x00000322   0x00000002   Code   RO         1472    .ARM.Collect$$libinit$$00000033  c_w.l(libinit2.o)
    0x00000324   0x00000324   0x00000002   Code   RO         1492    .ARM.Collect$$libshutdown$$00000000  c_w.l(libshutdown.o)
    0x00000326   0x00000326   0x00000000   Code   RO         1505    .ARM.Collect$$libshutdown$$00000002  c_w.l(libshutdown2.o)
    0x00000326   0x00000326   0x00000000   Code   RO         1507    .ARM.Collect$$libshutdown$$00000004  c_w.l(libshutdown2.o)
    0x00000326   0x00000326   0x00000000   Code   RO         1510    .ARM.Collect$$libshutdown$$00000007  c_w.l(libshutdown2.o)
    0x00000326   0x00000326   0x00000000   Code   RO         1513    .ARM.Collect$$libshutdown$$0000000A  c_w.l(libshutdown2.o)
    0x00000326   0x00000326   0x00000000   Code   RO         1515    .ARM.Collect$$libshutdown$$0000000C  c_w.l(libshutdown2.o)
    0x00000326   0x00000326   0x00000000   Code   RO         1518    .ARM.Collect$$libshutdown$$0000000F  c_w.l(libshutdown2.o)
    0x00000326   0x00000326   0x00000002   Code   RO         1519    .ARM.Collect$$libshutdown$$00000010  c_w.l(libshutdown2.o)
    0x00000328   0x00000328   0x00000000   Code   RO         1390    .ARM.Collect$$rtentry$$00000000  c_w.l(__rtentry.o)
    0x00000328   0x00000328   0x00000000   Code   RO         1399    .ARM.Collect$$rtentry$$00000002  c_w.l(__rtentry2.o)
    0x00000328   0x00000328   0x00000006   Code   RO         1411    .ARM.Collect$$rtentry$$00000004  c_w.l(__rtentry4.o)
    0x0000032e   0x0000032e   0x00000000   Code   RO         1401    .ARM.Collect$$rtentry$$00000009  c_w.l(__rtentry2.o)
    0x0000032e   0x0000032e   0x00000004   Code   RO         1402    .ARM.Collect$$rtentry$$0000000A  c_w.l(__rtentry2.o)
    0x00000332   0x00000332   0x00000000   Code   RO         1404    .ARM.Collect$$rtentry$$0000000C  c_w.l(__rtentry2.o)
    0x00000332   0x00000332   0x00000008   Code   RO         1405    .ARM.Collect$$rtentry$$0000000D  c_w.l(__rtentry2.o)
    0x0000033a   0x0000033a   0x00000002   Code   RO         1426    .ARM.Collect$$rtexit$$00000000  c_w.l(rtexit.o)
    0x0000033c   0x0000033c   0x00000000   Code   RO         1474    .ARM.Collect$$rtexit$$00000002  c_w.l(rtexit2.o)
    0x0000033c   0x0000033c   0x00000004   Code   RO         1475    .ARM.Collect$$rtexit$$00000003  c_w.l(rtexit2.o)
    0x00000340   0x00000340   0x00000006   Code   RO         1476    .ARM.Collect$$rtexit$$00000004  c_w.l(rtexit2.o)
    0x00000346   0x00000346   0x00000002   PAD
    0x00000348   0x00000348   0x00000006   Code   RO         1008    .emb_text           driverlib.lib(sysctl.o)
    0x0000034e   0x0000034e   0x00000002   PAD
    0x00000350   0x00000350   0x00000018   Code   RO           85    .text               startup_rvmdk.o
    0x00000368   0x00000368   0x00000006   Code   RO         1368    .text               c_w.l(heapauxi.o)
    0x0000036e   0x0000036e   0x0000004a   Code   RO         1413    .text               c_w.l(sys_stackheap_outer.o)
    0x000003b8   0x000003b8   0x00000012   Code   RO         1415    .text               c_w.l(exit.o)
    0x000003ca   0x000003ca   0x00000002   PAD
    0x000003cc   0x000003cc   0x00000008   Code   RO         1423    .text               c_w.l(libspace.o)
    0x000003d4   0x000003d4   0x0000000c   Code   RO         1484    .text               c_w.l(sys_exit.o)
    0x000003e0   0x000003e0   0x00000002   Code   RO         1495    .text               c_w.l(use_no_semi.o)
    0x000003e2   0x000003e2   0x00000000   Code   RO         1497    .text               c_w.l(indicate_semi.o)
    0x000003e2   0x000003e2   0x00000008   Code   RO          160    i.ADCIntClear       adc.o
    0x000003ea   0x000003ea   0x00000036   Code   RO          167    i.ADCIntStatus      adc.o
    0x00000420   0x00000420   0x00000018   Code   RO          172    i.ADCProcessorTrigger  adc.o
    0x00000438   0x00000438   0x0000004e   Code   RO          175    i.ADCSequenceConfigure  adc.o
    0x00000486   0x00000486   0x00000022   Code   RO          178    i.ADCSequenceDataGet  adc.o
    0x000004a8   0x000004a8   0x0000000c   Code   RO          180    i.ADCSequenceEnable  adc.o
    0x000004b4   0x000004b4   0x00000088   Code   RO          183    i.ADCSequenceStepConfigure  adc.o
    0x0000053c   0x0000053c   0x00000014   Code   RO          408    i.ADC_Config_Init   adc_1.o
    0x00000550   0x00000550   0x0000003a   Code   RO          409    i.ADC_Init          adc_1.o
    0x0000058a   0x0000058a   0x0000000e   Code   RO          410    i.Adc_EnableHardwareTrigger  adc_1.o
    0x00000598   0x00000598   0x00000012   Code   RO          411    i.Adc_ReadGroup     adc_1.o
    0x000005aa   0x000005aa   0x00000002   PAD
    0x000005ac   0x000005ac   0x00000070   Code   RO          439    i.CANBitRateSet     driverlib.lib(can.o)
    0x0000061c   0x0000061c   0x0000000a   Code   RO          443    i.CANEnable         driverlib.lib(can.o)
    0x00000626   0x00000626   0x00000042   Code   RO          445    i.CANInit           driverlib.lib(can.o)
    0x00000668   0x00000668   0x00000026   Code   RO          446    i.CANIntClear       driverlib.lib(can.o)
    0x0000068e   0x0000068e   0x00000008   Code   RO          448    i.CANIntEnable      driverlib.lib(can.o)
    0x00000696   0x00000696   0x00000002   PAD
    0x00000698   0x00000698   0x00000068   Code   RO            1    i.CANIntHandler     main.o
    0x00000700   0x00000700   0x0000006c   Code   RO          449    i.CANIntRegister    driverlib.lib(can.o)
    0x0000076c   0x0000076c   0x00000020   Code   RO          450    i.CANIntStatus      driverlib.lib(can.o)
    0x0000078c   0x0000078c   0x00000166   Code   RO          454    i.CANMessageSet     driverlib.lib(can.o)
    0x000008f2   0x000008f2   0x00000044   Code   RO          457    i.CANStatusGet      driverlib.lib(can.o)
    0x00000936   0x00000936   0x00000028   Code   RO          593    i.GPIODirModeSet    driverlib.lib(gpio.o)
    0x0000095e   0x0000095e   0x00000138   Code   RO          605    i.GPIOPadConfigSet  driverlib.lib(gpio.o)
    0x00000a96   0x00000a96   0x00000002   PAD
    0x00000a98   0x00000a98   0x00000044   Code   RO          606    i.GPIOPinConfigure  driverlib.lib(gpio.o)
    0x00000adc   0x00000adc   0x0000001c   Code   RO          609    i.GPIOPinTypeCAN    driverlib.lib(gpio.o)
    0x00000af8   0x00000af8   0x0000001c   Code   RO          629    i.GPIOPinTypeUART   driverlib.lib(gpio.o)
    0x00000b14   0x00000b14   0x00000064   Code   RO          896    i.IntEnable         driverlib.lib(interrupt.o)
    0x00000b78   0x00000b78   0x00000034   Code   RO          908    i.IntRegister       driverlib.lib(interrupt.o)
    0x00000bac   0x00000bac   0x00000154   Code   RO         1011    i.SysCtlClockGet    driverlib.lib(sysctl.o)
    0x00000d00   0x00000d00   0x00000120   Code   RO         1013    i.SysCtlClockSet    driverlib.lib(sysctl.o)
    0x00000e20   0x00000e20   0x00000028   Code   RO         1042    i.SysCtlPeripheralEnable  driverlib.lib(sysctl.o)
    0x00000e48   0x00000e48   0x0000006c   Code   RO           91    i.UARTStdioConfig   uartstdio.o
    0x00000eb4   0x00000eb4   0x0000001a   Code   RO           94    i.UARTprintf        uartstdio.o
    0x00000ece   0x00000ece   0x00000002   PAD
    0x00000ed0   0x00000ed0   0x00000250   Code   RO           95    i.UARTvprintf       uartstdio.o
    0x00001120   0x00001120   0x00000040   Code   RO           96    i.UARTwrite         uartstdio.o
    0x00001160   0x00001160   0x00000014   Code   RO            2    i.delay             main.o
    0x00001174   0x00001174   0x00000250   Code   RO            3    i.main              main.o
    0x000013c4   0x000013c4   0x00000150   Code   RO         1372    x$fpl$dadd          fz_wm.l(daddsub_clz.o)
    0x00001514   0x00001514   0x000002b0   Code   RO         1379    x$fpl$ddiv          fz_wm.l(ddiv.o)
    0x000017c4   0x000017c4   0x0000005a   Code   RO         1382    x$fpl$dfixu         fz_wm.l(dfixu.o)
    0x0000181e   0x0000181e   0x00000002   PAD
    0x00001820   0x00001820   0x00000154   Code   RO         1386    x$fpl$dmul          fz_wm.l(dmul.o)
    0x00001974   0x00001974   0x0000009c   Code   RO         1391    x$fpl$dnaninf       fz_wm.l(dnaninf.o)
    0x00001a10   0x00001a10   0x0000000c   Code   RO         1393    x$fpl$dretinf       fz_wm.l(dretinf.o)
    0x00001a1c   0x00001a1c   0x00000016   Code   RO         1373    x$fpl$drsb          fz_wm.l(daddsub_clz.o)
    0x00001a32   0x00001a32   0x00000002   PAD
    0x00001a34   0x00001a34   0x000001d4   Code   RO         1374    x$fpl$dsub          fz_wm.l(daddsub_clz.o)
    0x00001c08   0x00001c08   0x00000056   Code   RO         1388    x$fpl$f2d           fz_wm.l(f2d.o)
    0x00001c5e   0x00001c5e   0x0000008c   Code   RO         1395    x$fpl$fnaninf       fz_wm.l(fnaninf.o)
    0x00001cea   0x00001cea   0x0000000a   Code   RO         1482    x$fpl$fpinit        fz_wm.l(fpinit.o)
    0x00001cf4   0x00001cf4   0x00000000   Code   RO         1397    x$fpl$usenofp       fz_wm.l(usenofp.o)
    0x00001cf4   0x00001cf4   0x0000001c   Data   RO           97    .constdata          uartstdio.o
    0x00001d10   0x00001d10   0x00000020   Data   RO          458    .constdata          driverlib.lib(can.o)
    0x00001d30   0x00001d30   0x00000228   Data   RO          637    .constdata          driverlib.lib(gpio.o)
    0x00001f58   0x00001f58   0x0000010c   Data   RO          912    .constdata          driverlib.lib(interrupt.o)
    0x00002064   0x00002064   0x00000254   Data   RO         1064    .constdata          driverlib.lib(sysctl.o)
    0x000022b8   0x000022b8   0x00000011   Data   RO           98    .conststring        uartstdio.o
    0x000022c9   0x000022c9   0x00000003   PAD
    0x000022cc   0x000022cc   0x00000020   Data   RO         1550    Region$$Table       anon$$obj.o


    Execution Region ER_RW (Exec base: 0x20000000, Load base: 0x000022ec, Size: 0x0000066c, Max: 0xffffffff, ABSOLUTE, COMPRESSED[0x00000010])

    Exec Addr    Load Addr    Size         Type   Attr      Idx    E Section Name        Object

    0x20000000   COMPRESSED   0x0000001c   Data   RW            4    .data               main.o
    0x2000001c   COMPRESSED   0x00000005   Data   RW           99    .data               uartstdio.o
    0x20000021   COMPRESSED   0x000003df   PAD
    0x20000400   COMPRESSED   0x0000026c   Data   RW          913    vtable              driverlib.lib(interrupt.o)


    Execution Region ER_ZI (Exec base: 0x2000066c, Load base: 0x000022fc, Size: 0x00000164, Max: 0xffffffff, ABSOLUTE)

    Exec Addr    Load Addr    Size         Type   Attr      Idx    E Section Name        Object

    0x2000066c        -       0x00000060   Zero   RW         1424    .bss                c_w.l(libspace.o)
    0x200006cc   0x000022fc   0x00000004   PAD
    0x200006d0        -       0x00000000   Zero   RW           83    HEAP                startup_rvmdk.o
    0x200006d0        -       0x00000100   Zero   RW           82    STACK               startup_rvmdk.o


==============================================================================

Image component sizes


      Code (inc. data)   RO Data    RW Data    ZI Data      Debug   Object Name

       346          0          0          0          0       6546   adc.o
       110          8          0          0          0       3021   adc_1.o
       716        220          0         28          0      10886   main.o
       672        636          0          0        256        588   startup_rvmdk.o
       790         36         45          5          0       5260   uartstdio.o

    ----------------------------------------------------------------------
      2638        900         80       1024        256      26301   Object Totals
         0          0         32          0          0          0   (incl. Generated)
         4          0          3        991          0          0   (incl. Padding)

    ----------------------------------------------------------------------

      Code (inc. data)   RO Data    RW Data    ZI Data      Debug   Library Member Name

        58          0          0          0          0          0   __dczerorl.o
         8          0          0          0          0         68   __main.o
         0          0          0          0          0          0   __rtentry.o
        12          0          0          0          0          0   __rtentry2.o
         6          0          0          0          0          0   __rtentry4.o
        52          8          0          0          0          0   __scatter.o
        28          0          0          0          0          0   __scatter_zi.o
        18          0          0          0          0         80   exit.o
         6          0          0          0          0        152   heapauxi.o
         0          0          0          0          0          0   indicate_semi.o
         2          0          0          0          0          0   libinit.o
         6          0          0          0          0          0   libinit2.o
         2          0          0          0          0          0   libshutdown.o
         2          0          0          0          0          0   libshutdown2.o
         8          4          0          0         96         68   libspace.o
         2          0          0          0          0          0   rtexit.o
        10          0          0          0          0          0   rtexit2.o
        12          4          0          0          0         68   sys_exit.o
        74          0          0          0          0         80   sys_stackheap_outer.o
         2          0          0          0          0         68   use_no_semi.o
       800         26         32          0          0       9982   can.o
       476          8        552          0          0       4382   gpio.o
       152         16        268        620          0       2198   interrupt.o
       674         58        596          0          0       4615   sysctl.o
       826         16          0          0          0        492   daddsub_clz.o
       688        140          0          0          0        256   ddiv.o
        90          4          0          0          0        140   dfixu.o
       340         12          0          0          0        152   dmul.o
       156          4          0          0          0        140   dnaninf.o
        12          0          0          0          0        116   dretinf.o
        86          4          0          0          0        132   f2d.o
       140          4          0          0          0        132   fnaninf.o
        10          0          0          0          0        116   fpinit.o
         0          0          0          0          0          0   usenofp.o

    ----------------------------------------------------------------------
      4774        308       1448        620        100      23437   Library Totals
        16          0          0          0          4          0   (incl. Padding)

    ----------------------------------------------------------------------

      Code (inc. data)   RO Data    RW Data    ZI Data      Debug   Library Name

       308         16          0          0         96        584   c_w.l
      2102        108       1448        620          0      21177   driverlib.lib
      2348        184          0          0          0       1676   fz_wm.l

    ----------------------------------------------------------------------
      4774        308       1448        620        100      23437   Library Totals

    ----------------------------------------------------------------------

==============================================================================


      Code (inc. data)   RO Data    RW Data    ZI Data      Debug   

      7412       1208       1528       1644        356      45482   Grand Totals
      7412       1208       1528         16        356      45482   ELF Image Totals (compressed)
      7412       1208       1528         16          0          0   ROM Totals

==============================================================================

    Total RO  Size (Code + RO Data)                 8940 (   8.73kB)
    Total RW  Size (RW Data + ZI Data)              2000 (   1.95kB)
    Total ROM Size (Code + RO Data + RW Data)       8956 (   8.75kB)

==============================================================================

